Archive member included to satisfy reference by file (symbol)

c:/st/stm32cubeide_1.5.1/stm32cubeide/plugins/com.st.stm32cube.ide.mcu.externaltools.gnu-tools-for-stm32.9-2020-q2-update.win32_1.5.0.202011040924/tools/bin/../lib/gcc/arm-none-eabi/9.3.1/../../../../arm-none-eabi/lib/thumb/v7e-m+fp/hard\libc_nano.a(lib_a-errno.o)
                              Core/Src/syscalls.o (__errno)
c:/st/stm32cubeide_1.5.1/stm32cubeide/plugins/com.st.stm32cube.ide.mcu.externaltools.gnu-tools-for-stm32.9-2020-q2-update.win32_1.5.0.202011040924/tools/bin/../lib/gcc/arm-none-eabi/9.3.1/../../../../arm-none-eabi/lib/thumb/v7e-m+fp/hard\libc_nano.a(lib_a-exit.o)
                              c:/st/stm32cubeide_1.5.1/stm32cubeide/plugins/com.st.stm32cube.ide.mcu.externaltools.gnu-tools-for-stm32.9-2020-q2-update.win32_1.5.0.202011040924/tools/bin/../lib/gcc/arm-none-eabi/9.3.1/../../../../arm-none-eabi/lib/thumb/v7e-m+fp/hard/crt0.o (exit)
c:/st/stm32cubeide_1.5.1/stm32cubeide/plugins/com.st.stm32cube.ide.mcu.externaltools.gnu-tools-for-stm32.9-2020-q2-update.win32_1.5.0.202011040924/tools/bin/../lib/gcc/arm-none-eabi/9.3.1/../../../../arm-none-eabi/lib/thumb/v7e-m+fp/hard\libc_nano.a(lib_a-impure.o)
                              c:/st/stm32cubeide_1.5.1/stm32cubeide/plugins/com.st.stm32cube.ide.mcu.externaltools.gnu-tools-for-stm32.9-2020-q2-update.win32_1.5.0.202011040924/tools/bin/../lib/gcc/arm-none-eabi/9.3.1/../../../../arm-none-eabi/lib/thumb/v7e-m+fp/hard\libc_nano.a(lib_a-exit.o) (_global_impure_ptr)
c:/st/stm32cubeide_1.5.1/stm32cubeide/plugins/com.st.stm32cube.ide.mcu.externaltools.gnu-tools-for-stm32.9-2020-q2-update.win32_1.5.0.202011040924/tools/bin/../lib/gcc/arm-none-eabi/9.3.1/../../../../arm-none-eabi/lib/thumb/v7e-m+fp/hard\libc_nano.a(lib_a-init.o)
                              c:/st/stm32cubeide_1.5.1/stm32cubeide/plugins/com.st.stm32cube.ide.mcu.externaltools.gnu-tools-for-stm32.9-2020-q2-update.win32_1.5.0.202011040924/tools/bin/../lib/gcc/arm-none-eabi/9.3.1/../../../../arm-none-eabi/lib/thumb/v7e-m+fp/hard/crt0.o (__libc_init_array)
c:/st/stm32cubeide_1.5.1/stm32cubeide/plugins/com.st.stm32cube.ide.mcu.externaltools.gnu-tools-for-stm32.9-2020-q2-update.win32_1.5.0.202011040924/tools/bin/../lib/gcc/arm-none-eabi/9.3.1/../../../../arm-none-eabi/lib/thumb/v7e-m+fp/hard\libc_nano.a(lib_a-memset.o)
                              c:/st/stm32cubeide_1.5.1/stm32cubeide/plugins/com.st.stm32cube.ide.mcu.externaltools.gnu-tools-for-stm32.9-2020-q2-update.win32_1.5.0.202011040924/tools/bin/../lib/gcc/arm-none-eabi/9.3.1/../../../../arm-none-eabi/lib/thumb/v7e-m+fp/hard/crt0.o (memset)
c:/st/stm32cubeide_1.5.1/stm32cubeide/plugins/com.st.stm32cube.ide.mcu.externaltools.gnu-tools-for-stm32.9-2020-q2-update.win32_1.5.0.202011040924/tools/bin/../lib/gcc/arm-none-eabi/9.3.1/../../../../arm-none-eabi/lib/thumb/v7e-m+fp/hard\libc_nano.a(lib_a-strtol.o)
                              Core/Src/main.o (strtol)
c:/st/stm32cubeide_1.5.1/stm32cubeide/plugins/com.st.stm32cube.ide.mcu.externaltools.gnu-tools-for-stm32.9-2020-q2-update.win32_1.5.0.202011040924/tools/bin/../lib/gcc/arm-none-eabi/9.3.1/../../../../arm-none-eabi/lib/thumb/v7e-m+fp/hard\libc_nano.a(lib_a-ctype_.o)
                              c:/st/stm32cubeide_1.5.1/stm32cubeide/plugins/com.st.stm32cube.ide.mcu.externaltools.gnu-tools-for-stm32.9-2020-q2-update.win32_1.5.0.202011040924/tools/bin/../lib/gcc/arm-none-eabi/9.3.1/../../../../arm-none-eabi/lib/thumb/v7e-m+fp/hard\libc_nano.a(lib_a-strtol.o) (_ctype_)
c:/st/stm32cubeide_1.5.1/stm32cubeide/plugins/com.st.stm32cube.ide.mcu.externaltools.gnu-tools-for-stm32.9-2020-q2-update.win32_1.5.0.202011040924/tools/bin/../lib/gcc/arm-none-eabi/9.3.1/thumb/v7e-m+fp/hard\libgcc.a(_aeabi_uldivmod.o)
                              Drivers/STM32F4xx_HAL_Driver/Src/stm32f4xx_hal_rcc.o (__aeabi_uldivmod)
c:/st/stm32cubeide_1.5.1/stm32cubeide/plugins/com.st.stm32cube.ide.mcu.externaltools.gnu-tools-for-stm32.9-2020-q2-update.win32_1.5.0.202011040924/tools/bin/../lib/gcc/arm-none-eabi/9.3.1/thumb/v7e-m+fp/hard\libgcc.a(_udivmoddi4.o)
                              c:/st/stm32cubeide_1.5.1/stm32cubeide/plugins/com.st.stm32cube.ide.mcu.externaltools.gnu-tools-for-stm32.9-2020-q2-update.win32_1.5.0.202011040924/tools/bin/../lib/gcc/arm-none-eabi/9.3.1/thumb/v7e-m+fp/hard\libgcc.a(_aeabi_uldivmod.o) (__udivmoddi4)
c:/st/stm32cubeide_1.5.1/stm32cubeide/plugins/com.st.stm32cube.ide.mcu.externaltools.gnu-tools-for-stm32.9-2020-q2-update.win32_1.5.0.202011040924/tools/bin/../lib/gcc/arm-none-eabi/9.3.1/thumb/v7e-m+fp/hard\libgcc.a(_dvmd_tls.o)
                              c:/st/stm32cubeide_1.5.1/stm32cubeide/plugins/com.st.stm32cube.ide.mcu.externaltools.gnu-tools-for-stm32.9-2020-q2-update.win32_1.5.0.202011040924/tools/bin/../lib/gcc/arm-none-eabi/9.3.1/thumb/v7e-m+fp/hard\libgcc.a(_aeabi_uldivmod.o) (__aeabi_ldiv0)

Allocating common symbols
Common symbol       size              file

spi_transmit_buffer
[...]
Memory Configuration

Name             Origin             Length             Attributes
RAM              0x0000000020000000 0x0000000000020000 xrw
FLASH            0x0000000008000000 0x0000000000080000 xr
*default*        0x0000000000000000 0xffffffffffffffff

Linker script and memory map

LOAD c:/st/stm32cubeide_1.5.1/stm32cubeide/plugins/com.st.stm32cube.ide.mcu.externaltools.gnu-tools-for-stm32.9-2020-q2-update.win32_1.5.0.202011040924/tools/bin/../lib/gcc/arm-none-eabi/9.3.1/thumb/v7e-m+fp/hard/crti.o
LOAD c:/st/stm32cubeide_1.5.1/stm32cubeide/plugins/com.st.stm32cube.ide.mcu.externaltools.gnu-tools-for-stm32.9-2020-q2-update.win32_1.5.0.202011040924/tools/bin/../lib/gcc/arm-none-eabi/9.3.1/thumb/v7e-m+fp/hard/crtbegin.o
LOAD c:/st/stm32cubeide_1.5.1/stm32cubeide/plugins/com.st.stm32cube.ide.mcu.externaltools.gnu-tools-for-stm32.9-2020-q2-update.win32_1.5.0.202011040924/tools/bin/../lib/gcc/arm-none-eabi/9.3.1/../../../../arm-none-eabi/lib/thumb/v7e-m+fp/hard/crt0.o
LOAD Core/Src/main.o
LOAD Core/Src/stm32f4xx_hal_msp.o
LOAD Core/Src/stm32f4xx_it.o
LOAD Core/Src/syscalls.o
LOAD Core/Src/sysmem.o
LOAD Core/Src/system_stm32f4xx.o
LOAD Core/Startup/startup_stm32f446retx.o
LOAD Drivers/STM32F4xx_HAL_Driver/Src/stm32f4xx_hal.o
LOAD Drivers/STM32F4xx_HAL_Driver/Src/stm32f4xx_hal_cortex.o
LOAD Drivers/STM32F4xx_HAL_Driver/Src/stm32f4xx_hal_dma.o
LOAD Drivers/STM32F4xx_HAL_Driver/Src/stm32f4xx_hal_dma_ex.o
LOAD Drivers/STM32F4xx_HAL_Driver/Src/stm32f4xx_hal_exti.o
LOAD Drivers/STM32F4xx_HAL_Driver/Src/stm32f4xx_hal_flash.o
LOAD Drivers/STM32F4xx_HAL_Driver/Src/stm32f4xx_hal_flash_ex.o
LOAD Drivers/STM32F4xx_HAL_Driver/Src/stm32f4xx_hal_flash_ramfunc.o
LOAD Drivers/STM32F4xx_HAL_Driver/Src/stm32f4xx_hal_gpio.o
LOAD Drivers/STM32F4xx_HAL_Driver/Src/stm32f4xx_hal_pwr.o
LOAD Drivers/STM32F4xx_HAL_Driver/Src/stm32f4xx_hal_pwr_ex.o
LOAD Drivers/STM32F4xx_HAL_Driver/Src/stm32f4xx_hal_rcc.o
LOAD Drivers/STM32F4xx_HAL_Driver/Src/stm32f4xx_hal_rcc_ex.o
LOAD Drivers/STM32F4xx_HAL_Driver/Src/stm32f4xx_hal_spi.o
LOAD Drivers/STM32F4xx_HAL_Driver/Src/stm32f4xx_hal_tim.o
LOAD Drivers/STM32F4xx_HAL_Driver/Src/stm32f4xx_hal_tim_ex.o
LOAD Drivers/STM32F4xx_HAL_Driver/Src/stm32f4xx_hal_uart.o
START GROUP
LOAD c:/st/stm32cubeide_1.5.1/stm32cubeide/plugins/com.st.stm32cube.ide.mcu.externaltools.gnu-tools-for-stm32.9-2020-q2-update.win32_1.5.0.202011040924/tools/bin/../lib/gcc/arm-none-eabi/9.3.1/../../../../arm-none-eabi/lib/thumb/v7e-m+fp/hard\libc_nano.a
LOAD c:/st/stm32cubeide_1.5.1/stm32cubeide/plugins/com.st.stm32cube.ide.mcu.externaltools.gnu-tools-for-stm32.9-2020-q2-update.win32_1.5.0.202011040924/tools/bin/../lib/gcc/arm-none-eabi/9.3.1/../../../../arm-none-eabi/lib/thumb/v7e-m+fp/hard\libm.a
END GROUP
START GROUP
LOAD c:/st/stm32cubeide_1.5.1/stm32cubeide/plugins/com.st.stm32cube.ide.mcu.externaltools.gnu-tools-for-stm32.9-2020-q2-update.win32_1.5.0.202011040924/tools/bin/../lib/gcc/arm-none-eabi/9.3.1/thumb/v7e-m+fp/hard\libgcc.a
LOAD c:/st/stm32cubeide_1.5.1/stm32cubeide/plugins/com.st.stm32cube.ide.mcu.externaltools.gnu-tools-for-stm32.9-2020-q2-update.win32_1.5.0.202011040924/tools/bin/../lib/gcc/arm-none-eabi/9.3.1/../../../../arm-none-eabi/lib/thumb/v7e-m+fp/hard\libc_nano.a
END GROUP
START GROUP
LOAD c:/st/stm32cubeide_1.5.1/stm32cubeide/plugins/com.st.stm32cube.ide.mcu.externaltools.gnu-tools-for-stm32.9-2020-q2-update.win32_1.5.0.202011040924/tools/bin/../lib/gcc/arm-none-eabi/9.3.1/thumb/v7e-m+fp/hard\libgcc.a
LOAD c:/st/stm32cubeide_1.5.1/stm32cubeide/plugins/com.st.stm32cube.ide.mcu.externaltools.gnu-tools-for-stm32.9-2020-q2-update.win32_1.5.0.202011040924/tools/bin/../lib/gcc/arm-none-eabi/9.3.1/../../../../arm-none-eabi/lib/thumb/v7e-m+fp/hard\libc_nano.a
LOAD c:/st/stm32cubeide_1.5.1/stm32cubeide/plugins/com.st.stm32cube.ide.mcu.externaltools.gnu-tools-for-stm32.9-2020-q2-update.win32_1.5.0.202011040924/tools/bin/../lib/gcc/arm-none-eabi/9.3.1/../../../../arm-none-eabi/lib/thumb/v7e-m+fp/hard\libnosys.a
END GROUP
START GROUP
LOAD c:/st/stm32cubeide_1.5.1/stm32cubeide/plugins/com.st.stm32cube.ide.mcu.externaltools.gnu-tools-for-stm32.9-2020-q2-update.win32_1.5.0.202011040924/tools/bin/../lib/gcc/arm-none-eabi/9.3.1/thumb/v7e-m+fp/hard\libgcc.a
LOAD c:/st/stm32cubeide_1.5.1/stm32cubeide/plugins/com.st.stm32cube.ide.mcu.externaltools.gnu-tools-for-stm32.9-2020-q2-update.win32_1.5.0.202011040924/tools/bin/../lib/gcc/arm-none-eabi/9.3.1/../../../../arm-none-eabi/lib/thumb/v7e-m+fp/hard\libc_nano.a
LOAD c:/st/stm32cubeide_1.5.1/stm32cubeide/plugins/com.st.stm32cube.ide.mcu.externaltools.gnu-tools-for-stm32.9-2020-q2-update.win32_1.5.0.202011040924/tools/bin/../lib/gcc/arm-none-eabi/9.3.1/../../../../arm-none-eabi/lib/thumb/v7e-m+fp/hard\libnosys.a
END GROUP
LOAD c:/st/stm32cubeide_1.5.1/stm32cubeide/plugins/com.st.stm32cube.ide.mcu.externaltools.gnu-tools-for-stm32.9-2020-q2-update.win32_1.5.0.202011040924/tools/bin/../lib/gcc/arm-none-eabi/9.3.1/thumb/v7e-m+fp/hard/crtend.o
LOAD c:/st/stm32cubeide_1.5.1/stm32cubeide/plugins/com.st.stm32cube.ide.mcu.externaltools.gnu-tools-for-stm32.9-2020-q2-update.win32_1.5.0.202011040924/tools/bin/../lib/gcc/arm-none-eabi/9.3.1/thumb/v7e-m+fp/hard/crtn.o
                0x0000000020020000                _estack = (ORIGIN (RAM) + LENGTH (RAM))
                0x0000000000000200                _Min_Heap_Size = 0x200
                0x0000000000000400                _Min_Stack_Size = 0x400

.isr_vector     0x0000000008000000      0x1c4
                0x0000000008000000                . = ALIGN (0x4)
 *(.isr_vector)
 .isr_vector    0x0000000008000000      0x1c4 Core/Startup/startup_stm32f446retx.o
                0x0000000008000000                g_pfnVectors
                0x00000000080001c4                . = ALIGN (0x4)

.text           0x00000000080001c4     0x5298
                0x00000000080001c4                . = ALIGN (0x4)
 *(.text)
 .text          0x00000000080001c4       0x40 c:/st/stm32cubeide_1.5.1/stm32cubeide/plugins/com.st.stm32cube.ide.mcu.externaltools.gnu-tools-for-stm32.9-2020-q2-update.win32_1.5.0.202011040924/tools/bin/../lib/gcc/arm-none-eabi/9.3.1/thumb/v7e-m+fp/hard/crtbegin.o
 .text          0x0000000008000204       0x30 c:/st/stm32cubeide_1.5.1/stm32cubeide/plugins/com.st.stm32cube.ide.mcu.externaltools.gnu-tools-for-stm32.9-2020-q2-update.win32_1.5.0.202011040924/tools/bin/../lib/gcc/arm-none-eabi/9.3.1/thumb/v7e-m+fp/hard\libgcc.a(_aeabi_uldivmod.o)
                0x0000000008000204                __aeabi_uldivmod
 .text          0x0000000008000234      0x2c4 c:/st/stm32cubeide_1.5.1/stm32cubeide/plugins/com.st.stm32cube.ide.mcu.externaltools.gnu-tools-for-stm32.9-2020-q2-update.win32_1.5.0.202011040924/tools/bin/../lib/gcc/arm-none-eabi/9.3.1/thumb/v7e-m+fp/hard\libgcc.a(_udivmoddi4.o)
                0x0000000008000234                __udivmoddi4
 .text          0x00000000080004f8        0x4 c:/st/stm32cubeide_1.5.1/stm32cubeide/plugins/com.st.stm32cube.ide.mcu.externaltools.gnu-tools-for-stm32.9-2020-q2-update.win32_1.5.0.202011040924/tools/bin/../lib/gcc/arm-none-eabi/9.3.1/thumb/v7e-m+fp/hard\libgcc.a(_dvmd_tls.o)
                0x00000000080004f8                __aeabi_idiv0
                0x00000000080004f8                __aeabi_ldiv0
 *(.text*)
 .text.main     0x00000000080004fc      0x12c Core/Src/main.o
                0x00000000080004fc                main
 .text.SystemClock_Config
                0x0000000008000628       0xe4 Core/Src/main.o
                0x0000000008000628                SystemClock_Config
 .text.MX_SPI2_Init
                0x000000000800070c       0x6c Core/Src/main.o
 .text.MX_TIM3_Init
                0x0000000008000778       0xb0 Core/Src/main.o
 .text.MX_TIM4_Init
                0x0000000008000828       0xec Core/Src/main.o
 .text.MX_TIM10_Init
                0x0000000008000914       0x50 Core/Src/main.o
 .text.MX_USART2_UART_Init
                0x0000000008000964       0x54 Core/Src/main.o
 .text.MX_DMA_Init
                0x00000000080009b8       0x60 Core/Src/main.o
 .text.MX_GPIO_Init
                0x0000000008000a18      0x14c Core/Src/main.o
 .text.HAL_UART_RxCpltCallback
                0x0000000008000b64       0xd8 Core/Src/main.o
                0x0000000008000b64                HAL_UART_RxCpltCallback
 .text.HAL_TIM_PeriodElapsedCallback
                0x0000000008000c3c      0x130 Core/Src/main.o
                0x0000000008000c3c                HAL_TIM_PeriodElapsedCallback
 .text.HAL_GPIO_EXTI_Callback
                0x0000000008000d6c       0x20 Core/Src/main.o
                0x0000000008000d6c                HAL_GPIO_EXTI_Callback
 .text.Error_Handler
                0x0000000008000d8c        0xa Core/Src/main.o
                0x0000000008000d8c                Error_Handler
 *fill*         0x0000000008000d96        0x2 
 .text.HAL_MspInit
                0x0000000008000d98       0x50 Core/Src/stm32f4xx_hal_msp.o
                0x0000000008000d98                HAL_MspInit
 .text.HAL_SPI_MspInit
                0x0000000008000de8      0x138 Core/Src/stm32f4xx_hal_msp.o
                0x0000000008000de8                HAL_SPI_MspInit
 .text.HAL_TIM_Base_MspInit
                0x0000000008000f20      0x108 Core/Src/stm32f4xx_hal_msp.o
                0x0000000008000f20                HAL_TIM_Base_MspInit
 .text.HAL_TIM_MspPostInit
                0x0000000008001028       0x74 Core/Src/stm32f4xx_hal_msp.o
                0x0000000008001028                HAL_TIM_MspPostInit
 .text.HAL_UART_MspInit
                0x000000000800109c      0x168 Core/Src/stm32f4xx_hal_msp.o
                0x000000000800109c                HAL_UART_MspInit
 .text.NMI_Handler
                0x0000000008001204        0x6 Core/Src/stm32f4xx_it.o
                0x0000000008001204                NMI_Handler
 .text.HardFault_Handler
                0x000000000800120a        0x6 Core/Src/stm32f4xx_it.o
                0x000000000800120a                HardFault_Handler
 .text.MemManage_Handler
                0x0000000008001210        0x6 Core/Src/stm32f4xx_it.o
                0x0000000008001210                MemManage_Handler
 .text.BusFault_Handler
                0x0000000008001216        0x6 Core/Src/stm32f4xx_it.o
                0x0000000008001216                BusFault_Handler
 .text.UsageFault_Handler
                0x000000000800121c        0x6 Core/Src/stm32f4xx_it.o
                0x000000000800121c                UsageFault_Handler
 .text.SVC_Handler
                0x0000000008001222        0xe Core/Src/stm32f4xx_it.o
                0x0000000008001222                SVC_Handler
 .text.DebugMon_Handler
                0x0000000008001230        0xe Core/Src/stm32f4xx_it.o
                0x0000000008001230                DebugMon_Handler
 .text.PendSV_Handler
                0x000000000800123e        0xe Core/Src/stm32f4xx_it.o
                0x000000000800123e                PendSV_Handler
 .text.SysTick_Handler
                0x000000000800124c        0xc Core/Src/stm32f4xx_it.o
                0x000000000800124c                SysTick_Handler
 .text.EXTI0_IRQHandler
                0x0000000008001258        0xe Core/Src/stm32f4xx_it.o
                0x0000000008001258                EXTI0_IRQHandler
 *fill*         0x0000000008001266        0x2 
 .text.DMA1_Stream4_IRQHandler
                0x0000000008001268       0x14 Core/Src/stm32f4xx_it.o
                0x0000000008001268                DMA1_Stream4_IRQHandler
 .text.DMA1_Stream5_IRQHandler
                0x000000000800127c       0x14 Core/Src/stm32f4xx_it.o
                0x000000000800127c                DMA1_Stream5_IRQHandler
 .text.DMA1_Stream6_IRQHandler
                0x0000000008001290       0x14 Core/Src/stm32f4xx_it.o
                0x0000000008001290                DMA1_Stream6_IRQHandler
 .text.TIM1_UP_TIM10_IRQHandler
                0x00000000080012a4       0x14 Core/Src/stm32f4xx_it.o
                0x00000000080012a4                TIM1_UP_TIM10_IRQHandler
 .text.TIM3_IRQHandler
                0x00000000080012b8       0x14 Core/Src/stm32f4xx_it.o
                0x00000000080012b8                TIM3_IRQHandler
 .text.USART2_IRQHandler
                0x00000000080012cc       0x14 Core/Src/stm32f4xx_it.o
                0x00000000080012cc                USART2_IRQHandler
 .text.SystemInit
                0x00000000080012e0       0x24 Core/Src/system_stm32f4xx.o
                0x00000000080012e0                SystemInit
 .text.Reset_Handler
                0x0000000008001304       0x50 Core/Startup/startup_stm32f446retx.o
                0x0000000008001304                Reset_Handler
 .text.Default_Handler
                0x0000000008001354        0x2 Core/Startup/startup_stm32f446retx.o
                0x0000000008001354                RTC_Alarm_IRQHandler
                0x0000000008001354                EXTI2_IRQHandler
                0x0000000008001354                TIM8_CC_IRQHandler
                0x0000000008001354                FMPI2C1_EV_IRQHandler
                0x0000000008001354                SPI4_IRQHandler
                0x0000000008001354                TIM1_CC_IRQHandler
                0x0000000008001354                DMA2_Stream5_IRQHandler
                0x0000000008001354                PVD_IRQHandler
                0x0000000008001354                SDIO_IRQHandler
                0x0000000008001354                TAMP_STAMP_IRQHandler
                0x0000000008001354                CAN2_RX1_IRQHandler
                0x0000000008001354                EXTI3_IRQHandler
                0x0000000008001354                TIM8_TRG_COM_TIM14_IRQHandler
                0x0000000008001354                TIM8_UP_TIM13_IRQHandler
                0x0000000008001354                I2C3_ER_IRQHandler
                0x0000000008001354                I2C2_EV_IRQHandler
                0x0000000008001354                DMA1_Stream2_IRQHandler
                0x0000000008001354                CAN1_RX0_IRQHandler
                0x0000000008001354                FPU_IRQHandler
                0x0000000008001354                OTG_HS_WKUP_IRQHandler
                0x0000000008001354                CAN2_SCE_IRQHandler
                0x0000000008001354                DMA2_Stream2_IRQHandler
                0x0000000008001354                SPI1_IRQHandler
                0x0000000008001354                TIM6_DAC_IRQHandler
                0x0000000008001354                TIM1_BRK_TIM9_IRQHandler
                0x0000000008001354                DCMI_IRQHandler
                0x0000000008001354                CAN2_RX0_IRQHandler
                0x0000000008001354                DMA2_Stream3_IRQHandler
                0x0000000008001354                SAI2_IRQHandler
                0x0000000008001354                USART6_IRQHandler
                0x0000000008001354                USART3_IRQHandler
                0x0000000008001354                CAN1_RX1_IRQHandler
                0x0000000008001354                UART5_IRQHandler
                0x0000000008001354                DMA2_Stream0_IRQHandler
                0x0000000008001354                TIM4_IRQHandler
                0x0000000008001354                QUADSPI_IRQHandler
                0x0000000008001354                I2C1_EV_IRQHandler
                0x0000000008001354                DMA1_Stream1_IRQHandler
                0x0000000008001354                UART4_IRQHandler
                0x0000000008001354                RCC_IRQHandler
                0x0000000008001354                TIM8_BRK_TIM12_IRQHandler
                0x0000000008001354                Default_Handler
                0x0000000008001354                CEC_IRQHandler
                0x0000000008001354                EXTI15_10_IRQHandler
                0x0000000008001354                ADC_IRQHandler
                0x0000000008001354                DMA1_Stream7_IRQHandler
                0x0000000008001354                TIM7_IRQHandler
                0x0000000008001354                CAN2_TX_IRQHandler
                0x0000000008001354                TIM5_IRQHandler
                0x0000000008001354                DMA2_Stream7_IRQHandler
                0x0000000008001354                I2C3_EV_IRQHandler
                0x0000000008001354                EXTI9_5_IRQHandler
                0x0000000008001354                RTC_WKUP_IRQHandler
                0x0000000008001354                SPDIF_RX_IRQHandler
                0x0000000008001354                SPI2_IRQHandler
                0x0000000008001354                OTG_HS_EP1_IN_IRQHandler
                0x0000000008001354                DMA1_Stream0_IRQHandler
                0x0000000008001354                CAN1_TX_IRQHandler
                0x0000000008001354                FMPI2C1_ER_IRQHandler
                0x0000000008001354                EXTI4_IRQHandler
                0x0000000008001354                OTG_HS_EP1_OUT_IRQHandler
                0x0000000008001354                WWDG_IRQHandler
                0x0000000008001354                TIM2_IRQHandler
                0x0000000008001354                OTG_FS_WKUP_IRQHandler
                0x0000000008001354                TIM1_TRG_COM_TIM11_IRQHandler
                0x0000000008001354                OTG_HS_IRQHandler
                0x0000000008001354                EXTI1_IRQHandler
                0x0000000008001354                I2C2_ER_IRQHandler
                0x0000000008001354                DMA2_Stream1_IRQHandler
                0x0000000008001354                CAN1_SCE_IRQHandler
                0x0000000008001354                FLASH_IRQHandler
                0x0000000008001354                DMA2_Stream4_IRQHandler
                0x0000000008001354                USART1_IRQHandler
                0x0000000008001354                OTG_FS_IRQHandler
                0x0000000008001354                SPI3_IRQHandler
                0x0000000008001354                I2C1_ER_IRQHandler
                0x0000000008001354                FMC_IRQHandler
                0x0000000008001354                DMA2_Stream6_IRQHandler
                0x0000000008001354                SAI1_IRQHandler
                0x0000000008001354                DMA1_Stream3_IRQHandler
 *fill*         0x0000000008001356        0x2 
 .text.HAL_Init
                0x0000000008001358       0x44 Drivers/STM32F4xx_HAL_Driver/Src/stm32f4xx_hal.o
                0x0000000008001358                HAL_Init
 .text.HAL_InitTick
                0x000000000800139c       0x60 Drivers/STM32F4xx_HAL_Driver/Src/stm32f4xx_hal.o
                0x000000000800139c                HAL_InitTick
 .text.HAL_IncTick
                0x00000000080013fc       0x28 Drivers/STM32F4xx_HAL_Driver/Src/stm32f4xx_hal.o
                0x00000000080013fc                HAL_IncTick
 .text.HAL_GetTick
                0x0000000008001424       0x18 Drivers/STM32F4xx_HAL_Driver/Src/stm32f4xx_hal.o
                0x0000000008001424                HAL_GetTick
 .text.__NVIC_SetPriorityGrouping
                0x000000000800143c       0x48 Drivers/STM32F4xx_HAL_Driver/Src/stm32f4xx_hal_cortex.o
 .text.__NVIC_GetPriorityGrouping
                0x0000000008001484       0x1c Drivers/STM32F4xx_HAL_Driver/Src/stm32f4xx_hal_cortex.o
 .text.__NVIC_EnableIRQ
                0x00000000080014a0       0x3c Drivers/STM32F4xx_HAL_Driver/Src/stm32f4xx_hal_cortex.o
 .text.__NVIC_SetPriority
                0x00000000080014dc       0x54 Drivers/STM32F4xx_HAL_Driver/Src/stm32f4xx_hal_cortex.o
 .text.NVIC_EncodePriority
                0x0000000008001530       0x66 Drivers/STM32F4xx_HAL_Driver/Src/stm32f4xx_hal_cortex.o
 *fill*         0x0000000008001596        0x2 
 .text.SysTick_Config
                0x0000000008001598       0x44 Drivers/STM32F4xx_HAL_Driver/Src/stm32f4xx_hal_cortex.o
 .text.HAL_NVIC_SetPriorityGrouping
                0x00000000080015dc       0x16 Drivers/STM32F4xx_HAL_Driver/Src/stm32f4xx_hal_cortex.o
                0x00000000080015dc                HAL_NVIC_SetPriorityGrouping
 .text.HAL_NVIC_SetPriority
                0x00000000080015f2       0x38 Drivers/STM32F4xx_HAL_Driver/Src/stm32f4xx_hal_cortex.o
                0x00000000080015f2                HAL_NVIC_SetPriority
 .text.HAL_NVIC_EnableIRQ
                0x000000000800162a       0x1c Drivers/STM32F4xx_HAL_Driver/Src/stm32f4xx_hal_cortex.o
                0x000000000800162a                HAL_NVIC_EnableIRQ
 .text.HAL_SYSTICK_Config
                0x0000000008001646       0x18 Drivers/STM32F4xx_HAL_Driver/Src/stm32f4xx_hal_cortex.o
                0x0000000008001646                HAL_SYSTICK_Config
 *fill*         0x000000000800165e        0x2 
 .text.HAL_DMA_Init
                0x0000000008001660      0x15c Drivers/STM32F4xx_HAL_Driver/Src/stm32f4xx_hal_dma.o
                0x0000000008001660                HAL_DMA_Init
 .text.HAL_DMA_Start_IT
                0x00000000080017bc       0xb0 Drivers/STM32F4xx_HAL_Driver/Src/stm32f4xx_hal_dma.o
                0x00000000080017bc                HAL_DMA_Start_IT
 .text.HAL_DMA_Abort
                0x000000000800186c       0xe0 Drivers/STM32F4xx_HAL_Driver/Src/stm32f4xx_hal_dma.o
                0x000000000800186c                HAL_DMA_Abort
 .text.HAL_DMA_Abort_IT
                0x000000000800194c       0x44 Drivers/STM32F4xx_HAL_Driver/Src/stm32f4xx_hal_dma.o
                0x000000000800194c                HAL_DMA_Abort_IT
 .text.HAL_DMA_IRQHandler
                0x0000000008001990      0x314 Drivers/STM32F4xx_HAL_Driver/Src/stm32f4xx_hal_dma.o
                0x0000000008001990                HAL_DMA_IRQHandler
 .text.DMA_SetConfig
                0x0000000008001ca4       0x5c Drivers/STM32F4xx_HAL_Driver/Src/stm32f4xx_hal_dma.o
 .text.DMA_CalcBaseAndBitshift
                0x0000000008001d00       0x6c Drivers/STM32F4xx_HAL_Driver/Src/stm32f4xx_hal_dma.o
 .text.DMA_CheckFifoParam
                0x0000000008001d6c       0xf8 Drivers/STM32F4xx_HAL_Driver/Src/stm32f4xx_hal_dma.o
 .text.HAL_GPIO_Init
                0x0000000008001e64      0x328 Drivers/STM32F4xx_HAL_Driver/Src/stm32f4xx_hal_gpio.o
                0x0000000008001e64                HAL_GPIO_Init
 .text.HAL_GPIO_WritePin
                0x000000000800218c       0x32 Drivers/STM32F4xx_HAL_Driver/Src/stm32f4xx_hal_gpio.o
                0x000000000800218c                HAL_GPIO_WritePin
 *fill*         0x00000000080021be        0x2 
 .text.HAL_GPIO_EXTI_IRQHandler
                0x00000000080021c0       0x30 Drivers/STM32F4xx_HAL_Driver/Src/stm32f4xx_hal_gpio.o
                0x00000000080021c0                HAL_GPIO_EXTI_IRQHandler
 .text.HAL_PWREx_EnableOverDrive
                0x00000000080021f0       0xa0 Drivers/STM32F4xx_HAL_Driver/Src/stm32f4xx_hal_pwr_ex.o
                0x00000000080021f0                HAL_PWREx_EnableOverDrive
 .text.HAL_RCC_ClockConfig
                0x0000000008002290      0x1cc Drivers/STM32F4xx_HAL_Driver/Src/stm32f4xx_hal_rcc.o
                0x0000000008002290                HAL_RCC_ClockConfig
 .text.HAL_RCC_GetHCLKFreq
                0x000000000800245c       0x18 Drivers/STM32F4xx_HAL_Driver/Src/stm32f4xx_hal_rcc.o
                0x000000000800245c                HAL_RCC_GetHCLKFreq
 .text.HAL_RCC_GetPCLK1Freq
                0x0000000008002474       0x28 Drivers/STM32F4xx_HAL_Driver/Src/stm32f4xx_hal_rcc.o
                0x0000000008002474                HAL_RCC_GetPCLK1Freq
 .text.HAL_RCC_GetPCLK2Freq
                0x000000000800249c       0x28 Drivers/STM32F4xx_HAL_Driver/Src/stm32f4xx_hal_rcc.o
                0x000000000800249c                HAL_RCC_GetPCLK2Freq
 .text.HAL_RCC_GetSysClockFreq
                0x00000000080024c4      0x364 Drivers/STM32F4xx_HAL_Driver/Src/stm32f4xx_hal_rcc_ex.o
                0x00000000080024c4                HAL_RCC_GetSysClockFreq
 .text.HAL_RCC_OscConfig
                0x0000000008002828      0x53c Drivers/STM32F4xx_HAL_Driver/Src/stm32f4xx_hal_rcc_ex.o
                0x0000000008002828                HAL_RCC_OscConfig
 .text.HAL_SPI_Init
                0x0000000008002d64      0x112 Drivers/STM32F4xx_HAL_Driver/Src/stm32f4xx_hal_spi.o
                0x0000000008002d64                HAL_SPI_Init
 *fill*         0x0000000008002e76        0x2 
 .text.HAL_SPI_Transmit_DMA
                0x0000000008002e78      0x16c Drivers/STM32F4xx_HAL_Driver/Src/stm32f4xx_hal_spi.o
                0x0000000008002e78                HAL_SPI_Transmit_DMA
 .text.HAL_SPI_TxCpltCallback
                0x0000000008002fe4       0x14 Drivers/STM32F4xx_HAL_Driver/Src/stm32f4xx_hal_spi.o
                0x0000000008002fe4                HAL_SPI_TxCpltCallback
 .text.HAL_SPI_TxHalfCpltCallback
                0x0000000008002ff8       0x14 Drivers/STM32F4xx_HAL_Driver/Src/stm32f4xx_hal_spi.o
                0x0000000008002ff8                HAL_SPI_TxHalfCpltCallback
 .text.HAL_SPI_ErrorCallback
                0x000000000800300c       0x14 Drivers/STM32F4xx_HAL_Driver/Src/stm32f4xx_hal_spi.o
                0x000000000800300c                HAL_SPI_ErrorCallback
 .text.SPI_DMATransmitCplt
                0x0000000008003020       0xa8 Drivers/STM32F4xx_HAL_Driver/Src/stm32f4xx_hal_spi.o
 .text.SPI_DMAHalfTransmitCplt
                0x00000000080030c8       0x1c Drivers/STM32F4xx_HAL_Driver/Src/stm32f4xx_hal_spi.o
 .text.SPI_DMAError
                0x00000000080030e4       0x40 Drivers/STM32F4xx_HAL_Driver/Src/stm32f4xx_hal_spi.o
 .text.SPI_WaitFlagStateUntilTimeout
                0x0000000008003124      0x110 Drivers/STM32F4xx_HAL_Driver/Src/stm32f4xx_hal_spi.o
 .text.SPI_EndRxTxTransaction
                0x0000000008003234       0x84 Drivers/STM32F4xx_HAL_Driver/Src/stm32f4xx_hal_spi.o
 .text.HAL_TIM_Base_Init
                0x00000000080032b8       0x9e Drivers/STM32F4xx_HAL_Driver/Src/stm32f4xx_hal_tim.o
                0x00000000080032b8                HAL_TIM_Base_Init
 *fill*         0x0000000008003356        0x2 
 .text.HAL_TIM_Base_Start_IT
                0x0000000008003358       0xe0 Drivers/STM32F4xx_HAL_Driver/Src/stm32f4xx_hal_tim.o
                0x0000000008003358                HAL_TIM_Base_Start_IT
 .text.HAL_TIM_Base_Stop_IT
                0x0000000008003438       0x5e Drivers/STM32F4xx_HAL_Driver/Src/stm32f4xx_hal_tim.o
                0x0000000008003438                HAL_TIM_Base_Stop_IT
 .text.HAL_TIM_PWM_Init
                0x0000000008003496       0x9e Drivers/STM32F4xx_HAL_Driver/Src/stm32f4xx_hal_tim.o
                0x0000000008003496                HAL_TIM_PWM_Init
 .text.HAL_TIM_PWM_MspInit
                0x0000000008003534       0x14 Drivers/STM32F4xx_HAL_Driver/Src/stm32f4xx_hal_tim.o
                0x0000000008003534                HAL_TIM_PWM_MspInit
 .text.HAL_TIM_PWM_Start
                0x0000000008003548      0x190 Drivers/STM32F4xx_HAL_Driver/Src/stm32f4xx_hal_tim.o
                0x0000000008003548                HAL_TIM_PWM_Start
 .text.HAL_TIM_PWM_Stop
                0x00000000080036d8       0xe0 Drivers/STM32F4xx_HAL_Driver/Src/stm32f4xx_hal_tim.o
                0x00000000080036d8                HAL_TIM_PWM_Stop
 .text.HAL_TIM_IRQHandler
                0x00000000080037b8      0x210 Drivers/STM32F4xx_HAL_Driver/Src/stm32f4xx_hal_tim.o
                0x00000000080037b8                HAL_TIM_IRQHandler
 .text.HAL_TIM_PWM_ConfigChannel
                0x00000000080039c8      0x17c Drivers/STM32F4xx_HAL_Driver/Src/stm32f4xx_hal_tim.o
                0x00000000080039c8                HAL_TIM_PWM_ConfigChannel
 .text.HAL_TIM_ConfigClockSource
                0x0000000008003b44      0x188 Drivers/STM32F4xx_HAL_Driver/Src/stm32f4xx_hal_tim.o
                0x0000000008003b44                HAL_TIM_ConfigClockSource
 .text.HAL_TIM_OC_DelayElapsedCallback
                0x0000000008003ccc       0x14 Drivers/STM32F4xx_HAL_Driver/Src/stm32f4xx_hal_tim.o
                0x0000000008003ccc                HAL_TIM_OC_DelayElapsedCallback
 .text.HAL_TIM_IC_CaptureCallback
                0x0000000008003ce0       0x14 Drivers/STM32F4xx_HAL_Driver/Src/stm32f4xx_hal_tim.o
                0x0000000008003ce0                HAL_TIM_IC_CaptureCallback
 .text.HAL_TIM_PWM_PulseFinishedCallback
                0x0000000008003cf4       0x14 Drivers/STM32F4xx_HAL_Driver/Src/stm32f4xx_hal_tim.o
                0x0000000008003cf4                HAL_TIM_PWM_PulseFinishedCallback
 .text.HAL_TIM_TriggerCallback
                0x0000000008003d08       0x14 Drivers/STM32F4xx_HAL_Driver/Src/stm32f4xx_hal_tim.o
                0x0000000008003d08                HAL_TIM_TriggerCallback
 .text.TIM_Base_SetConfig
                0x0000000008003d1c      0x140 Drivers/STM32F4xx_HAL_Driver/Src/stm32f4xx_hal_tim.o
                0x0000000008003d1c                TIM_Base_SetConfig
 .text.TIM_OC1_SetConfig
                0x0000000008003e5c       0xe0 Drivers/STM32F4xx_HAL_Driver/Src/stm32f4xx_hal_tim.o
 .text.TIM_OC2_SetConfig
                0x0000000008003f3c       0xec Drivers/STM32F4xx_HAL_Driver/Src/stm32f4xx_hal_tim.o
                0x0000000008003f3c                TIM_OC2_SetConfig
 .text.TIM_OC3_SetConfig
                0x0000000008004028       0xe8 Drivers/STM32F4xx_HAL_Driver/Src/stm32f4xx_hal_tim.o
 .text.TIM_OC4_SetConfig
                0x0000000008004110       0xac Drivers/STM32F4xx_HAL_Driver/Src/stm32f4xx_hal_tim.o
 .text.TIM_TI1_ConfigInputStage
                0x00000000080041bc       0x5e Drivers/STM32F4xx_HAL_Driver/Src/stm32f4xx_hal_tim.o
 .text.TIM_TI2_ConfigInputStage
                0x000000000800421a       0x60 Drivers/STM32F4xx_HAL_Driver/Src/stm32f4xx_hal_tim.o
 .text.TIM_ITRx_SetConfig
                0x000000000800427a       0x36 Drivers/STM32F4xx_HAL_Driver/Src/stm32f4xx_hal_tim.o
 .text.TIM_ETR_SetConfig
                0x00000000080042b0       0x40 Drivers/STM32F4xx_HAL_Driver/Src/stm32f4xx_hal_tim.o
                0x00000000080042b0                TIM_ETR_SetConfig
 .text.TIM_CCxChannelCmd
                0x00000000080042f0       0x4a Drivers/STM32F4xx_HAL_Driver/Src/stm32f4xx_hal_tim.o
                0x00000000080042f0                TIM_CCxChannelCmd
 *fill*         0x000000000800433a        0x2 
 .text.HAL_TIMEx_MasterConfigSynchronization
                0x000000000800433c       0xf8 Drivers/STM32F4xx_HAL_Driver/Src/stm32f4xx_hal_tim_ex.o
                0x000000000800433c                HAL_TIMEx_MasterConfigSynchronization
 .text.HAL_TIMEx_CommutCallback
                0x0000000008004434       0x14 Drivers/STM32F4xx_HAL_Driver/Src/stm32f4xx_hal_tim_ex.o
                0x0000000008004434                HAL_TIMEx_CommutCallback
 .text.HAL_TIMEx_BreakCallback
                0x0000000008004448       0x14 Drivers/STM32F4xx_HAL_Driver/Src/stm32f4xx_hal_tim_ex.o
                0x0000000008004448                HAL_TIMEx_BreakCallback
 .text.HAL_UART_Init
                0x000000000800445c       0x9a Drivers/STM32F4xx_HAL_Driver/Src/stm32f4xx_hal_uart.o
                0x000000000800445c                HAL_UART_Init
 *fill*         0x00000000080044f6        0x2 
 .text.HAL_UART_Transmit_DMA
                0x00000000080044f8       0xd8 Drivers/STM32F4xx_HAL_Driver/Src/stm32f4xx_hal_uart.o
                0x00000000080044f8                HAL_UART_Transmit_DMA
 .text.HAL_UART_Receive_DMA
                0x00000000080045d0       0x60 Drivers/STM32F4xx_HAL_Driver/Src/stm32f4xx_hal_uart.o
                0x00000000080045d0                HAL_UART_Receive_DMA
 .text.HAL_UART_IRQHandler
                0x0000000008004630      0x358 Drivers/STM32F4xx_HAL_Driver/Src/stm32f4xx_hal_uart.o
                0x0000000008004630                HAL_UART_IRQHandler
 .text.HAL_UART_TxCpltCallback
                0x0000000008004988       0x14 Drivers/STM32F4xx_HAL_Driver/Src/stm32f4xx_hal_uart.o
                0x0000000008004988                HAL_UART_TxCpltCallback
 .text.HAL_UART_TxHalfCpltCallback
                0x000000000800499c       0x14 Drivers/STM32F4xx_HAL_Driver/Src/stm32f4xx_hal_uart.o
                0x000000000800499c                HAL_UART_TxHalfCpltCallback
 .text.HAL_UART_RxHalfCpltCallback
                0x00000000080049b0       0x14 Drivers/STM32F4xx_HAL_Driver/Src/stm32f4xx_hal_uart.o
                0x00000000080049b0                HAL_UART_RxHalfCpltCallback
 .text.HAL_UART_ErrorCallback
                0x00000000080049c4       0x14 Drivers/STM32F4xx_HAL_Driver/Src/stm32f4xx_hal_uart.o
                0x00000000080049c4                HAL_UART_ErrorCallback
 .text.HAL_UARTEx_RxEventCallback
                0x00000000080049d8       0x18 Drivers/STM32F4xx_HAL_Driver/Src/stm32f4xx_hal_uart.o
                0x00000000080049d8                HAL_UARTEx_RxEventCallback
 .text.UART_DMATransmitCplt
                0x00000000080049f0       0x52 Drivers/STM32F4xx_HAL_Driver/Src/stm32f4xx_hal_uart.o
 .text.UART_DMATxHalfCplt
                0x0000000008004a42       0x1c Drivers/STM32F4xx_HAL_Driver/Src/stm32f4xx_hal_uart.o
 .text.UART_DMAReceiveCplt
                0x0000000008004a5e       0x96 Drivers/STM32F4xx_HAL_Driver/Src/stm32f4xx_hal_uart.o
 .text.UART_DMARxHalfCplt
                0x0000000008004af4       0x36 Drivers/STM32F4xx_HAL_Driver/Src/stm32f4xx_hal_uart.o
 .text.UART_DMAError
                0x0000000008004b2a       0x94 Drivers/STM32F4xx_HAL_Driver/Src/stm32f4xx_hal_uart.o
 *fill*         0x0000000008004bbe        0x2 
 .text.UART_Start_Receive_DMA
                0x0000000008004bc0       0xc8 Drivers/STM32F4xx_HAL_Driver/Src/stm32f4xx_hal_uart.o
                0x0000000008004bc0                UART_Start_Receive_DMA
 .text.UART_EndTxTransfer
                0x0000000008004c88       0x2c Drivers/STM32F4xx_HAL_Driver/Src/stm32f4xx_hal_uart.o
 .text.UART_EndRxTransfer
                0x0000000008004cb4       0x5a Drivers/STM32F4xx_HAL_Driver/Src/stm32f4xx_hal_uart.o
 .text.UART_DMAAbortOnError
                0x0000000008004d0e       0x28 Drivers/STM32F4xx_HAL_Driver/Src/stm32f4xx_hal_uart.o
 .text.UART_Transmit_IT
                0x0000000008004d36       0xa0 Drivers/STM32F4xx_HAL_Driver/Src/stm32f4xx_hal_uart.o
 .text.UART_EndTransmit_IT
                0x0000000008004dd6       0x30 Drivers/STM32F4xx_HAL_Driver/Src/stm32f4xx_hal_uart.o
 .text.UART_Receive_IT
                0x0000000008004e06      0x12e Drivers/STM32F4xx_HAL_Driver/Src/stm32f4xx_hal_uart.o
 .text.UART_SetConfig
                0x0000000008004f34      0x390 Drivers/STM32F4xx_HAL_Driver/Src/stm32f4xx_hal_uart.o
 .text.__errno  0x00000000080052c4        0xc c:/st/stm32cubeide_1.5.1/stm32cubeide/plugins/com.st.stm32cube.ide.mcu.externaltools.gnu-tools-for-stm32.9-2020-q2-update.win32_1.5.0.202011040924/tools/bin/../lib/gcc/arm-none-eabi/9.3.1/../../../../arm-none-eabi/lib/thumb/v7e-m+fp/hard\libc_nano.a(lib_a-errno.o)
                0x00000000080052c4                __errno
 .text.__libc_init_array
                0x00000000080052d0       0x48 c:/st/stm32cubeide_1.5.1/stm32cubeide/plugins/com.st.stm32cube.ide.mcu.externaltools.gnu-tools-for-stm32.9-2020-q2-update.win32_1.5.0.202011040924/tools/bin/../lib/gcc/arm-none-eabi/9.3.1/../../../../arm-none-eabi/lib/thumb/v7e-m+fp/hard\libc_nano.a(lib_a-init.o)
                0x00000000080052d0                __libc_init_array
 .text.memset   0x0000000008005318       0x10 c:/st/stm32cubeide_1.5.1/stm32cubeide/plugins/com.st.stm32cube.ide.mcu.externaltools.gnu-tools-for-stm32.9-2020-q2-update.win32_1.5.0.202011040924/tools/bin/../lib/gcc/arm-none-eabi/9.3.1/../../../../arm-none-eabi/lib/thumb/v7e-m+fp/hard\libc_nano.a(lib_a-memset.o)
                0x0000000008005318                memset
 .text._strtol_l.isra.0
                0x0000000008005328      0x108 c:/st/stm32cubeide_1.5.1/stm32cubeide/plugins/com.st.stm32cube.ide.mcu.externaltools.gnu-tools-for-stm32.9-2020-q2-update.win32_1.5.0.202011040924/tools/bin/../lib/gcc/arm-none-eabi/9.3.1/../../../../arm-none-eabi/lib/thumb/v7e-m+fp/hard\libc_nano.a(lib_a-strtol.o)
 .text.strtol   0x0000000008005430       0x14 c:/st/stm32cubeide_1.5.1/stm32cubeide/plugins/com.st.stm32cube.ide.mcu.externaltools.gnu-tools-for-stm32.9-2020-q2-update.win32_1.5.0.202011040924/tools/bin/../lib/gcc/arm-none-eabi/9.3.1/../../../../arm-none-eabi/lib/thumb/v7e-m+fp/hard\libc_nano.a(lib_a-strtol.o)
                0x0000000008005430                strtol
 *(.glue_7)
 .glue_7        0x0000000008005444        0x0 linker stubs
 *(.glue_7t)
 .glue_7t       0x0000000008005444        0x0 linker stubs
 *(.eh_frame)
 .eh_frame      0x0000000008005444        0x0 c:/st/stm32cubeide_1.5.1/stm32cubeide/plugins/com.st.stm32cube.ide.mcu.externaltools.gnu-tools-for-stm32.9-2020-q2-update.win32_1.5.0.202011040924/tools/bin/../lib/gcc/arm-none-eabi/9.3.1/thumb/v7e-m+fp/hard/crtbegin.o
 *(.init)
 .init          0x0000000008005444        0x4 c:/st/stm32cubeide_1.5.1/stm32cubeide/plugins/com.st.stm32cube.ide.mcu.externaltools.gnu-tools-for-stm32.9-2020-q2-update.win32_1.5.0.202011040924/tools/bin/../lib/gcc/arm-none-eabi/9.3.1/thumb/v7e-m+fp/hard/crti.o
                0x0000000008005444                _init
 .init          0x0000000008005448        0x8 c:/st/stm32cubeide_1.5.1/stm32cubeide/plugins/com.st.stm32cube.ide.mcu.externaltools.gnu-tools-for-stm32.9-2020-q2-update.win32_1.5.0.202011040924/tools/bin/../lib/gcc/arm-none-eabi/9.3.1/thumb/v7e-m+fp/hard/crtn.o
 *(.fini)
 .fini          0x0000000008005450        0x4 c:/st/stm32cubeide_1.5.1/stm32cubeide/plugins/com.st.stm32cube.ide.mcu.externaltools.gnu-tools-for-stm32.9-2020-q2-update.win32_1.5.0.202011040924/tools/bin/../lib/gcc/arm-none-eabi/9.3.1/thumb/v7e-m+fp/hard/crti.o
                0x0000000008005450                _fini
 .fini          0x0000000008005454        0x8 c:/st/stm32cubeide_1.5.1/stm32cubeide/plugins/com.st.stm32cube.ide.mcu.externaltools.gnu-tools-for-stm32.9-2020-q2-update.win32_1.5.0.202011040924/tools/bin/../lib/gcc/arm-none-eabi/9.3.1/thumb/v7e-m+fp/hard/crtn.o
                0x000000000800545c                . = ALIGN (0x4)
                0x000000000800545c                _etext = .

.vfp11_veneer   0x000000000800545c        0x0
 .vfp11_veneer  0x000000000800545c        0x0 linker stubs

.v4_bx          0x000000000800545c        0x0
 .v4_bx         0x000000000800545c        0x0 linker stubs

.iplt           0x000000000800545c        0x0
 .iplt          0x000000000800545c        0x0 c:/st/stm32cubeide_1.5.1/stm32cubeide/plugins/com.st.stm32cube.ide.mcu.externaltools.gnu-tools-for-stm32.9-2020-q2-update.win32_1.5.0.202011040924/tools/bin/../lib/gcc/arm-none-eabi/9.3.1/thumb/v7e-m+fp/hard/crtbegin.o

.rodata         0x000000000800545c      0x124
                0x000000000800545c                . = ALIGN (0x4)
 *(.rodata)
 *(.rodata*)
 .rodata.AHBPrescTable
                0x000000000800545c       0x10 Core/Src/system_stm32f4xx.o
                0x000000000800545c                AHBPrescTable
 .rodata.APBPrescTable
                0x000000000800546c        0x8 Core/Src/system_stm32f4xx.o
                0x000000000800546c                APBPrescTable
 .rodata.flagBitshiftOffset.8489
                0x0000000008005474        0x8 Drivers/STM32F4xx_HAL_Driver/Src/stm32f4xx_hal_dma.o
 .rodata._ctype_
                0x000000000800547c      0x101 c:/st/stm32cubeide_1.5.1/stm32cubeide/plugins/com.st.stm32cube.ide.mcu.externaltools.gnu-tools-for-stm32.9-2020-q2-update.win32_1.5.0.202011040924/tools/bin/../lib/gcc/arm-none-eabi/9.3.1/../../../../arm-none-eabi/lib/thumb/v7e-m+fp/hard\libc_nano.a(lib_a-ctype_.o)
                0x000000000800547c                _ctype_
                0x0000000008005580                . = ALIGN (0x4)
 *fill*         0x000000000800557d        0x3 

.ARM.extab      0x0000000008005580        0x0
                0x0000000008005580                . = ALIGN (0x4)
 *(.ARM.extab* .gnu.linkonce.armextab.*)
                0x0000000008005580                . = ALIGN (0x4)

.ARM            0x0000000008005580        0x8
                0x0000000008005580                . = ALIGN (0x4)
                0x0000000008005580                __exidx_start = .
 *(.ARM.exidx*)
 .ARM.exidx     0x0000000008005580        0x8 c:/st/stm32cubeide_1.5.1/stm32cubeide/plugins/com.st.stm32cube.ide.mcu.externaltools.gnu-tools-for-stm32.9-2020-q2-update.win32_1.5.0.202011040924/tools/bin/../lib/gcc/arm-none-eabi/9.3.1/thumb/v7e-m+fp/hard\libgcc.a(_udivmoddi4.o)
                0x0000000008005588                __exidx_end = .
                0x0000000008005588                . = ALIGN (0x4)

.rel.dyn        0x0000000008005588        0x0
 .rel.iplt      0x0000000008005588        0x0 c:/st/stm32cubeide_1.5.1/stm32cubeide/plugins/com.st.stm32cube.ide.mcu.externaltools.gnu-tools-for-stm32.9-2020-q2-update.win32_1.5.0.202011040924/tools/bin/../lib/gcc/arm-none-eabi/9.3.1/thumb/v7e-m+fp/hard/crtbegin.o

.preinit_array  0x0000000008005588        0x0
                0x0000000008005588                . = ALIGN (0x4)
                0x0000000008005588                PROVIDE (__preinit_array_start = .)
 *(.preinit_array*)
                0x0000000008005588                PROVIDE (__preinit_array_end = .)
                0x0000000008005588                . = ALIGN (0x4)

.init_array     0x0000000008005588        0x4
                0x0000000008005588                . = ALIGN (0x4)
                0x0000000008005588                PROVIDE (__init_array_start = .)
 *(SORT_BY_NAME(.init_array.*))
 *(.init_array*)
 .init_array    0x0000000008005588        0x4 c:/st/stm32cubeide_1.5.1/stm32cubeide/plugins/com.st.stm32cube.ide.mcu.externaltools.gnu-tools-for-stm32.9-2020-q2-update.win32_1.5.0.202011040924/tools/bin/../lib/gcc/arm-none-eabi/9.3.1/thumb/v7e-m+fp/hard/crtbegin.o
                0x000000000800558c                PROVIDE (__init_array_end = .)
                0x000000000800558c                . = ALIGN (0x4)

.fini_array     0x000000000800558c        0x4
                0x000000000800558c                . = ALIGN (0x4)
                [!provide]                        PROVIDE (__fini_array_start = .)
 *(SORT_BY_NAME(.fini_array.*))
 *(.fini_array*)
 .fini_array    0x000000000800558c        0x4 c:/st/stm32cubeide_1.5.1/stm32cubeide/plugins/com.st.stm32cube.ide.mcu.externaltools.gnu-tools-for-stm32.9-2020-q2-update.win32_1.5.0.202011040924/tools/bin/../lib/gcc/arm-none-eabi/9.3.1/thumb/v7e-m+fp/hard/crtbegin.o
                [!provide]                        PROVIDE (__fini_array_end = .)
                0x0000000008005590                . = ALIGN (0x4)
                0x0000000008005590                _sidata = LOADADDR (.data)

.data           0x0000000020000000       0x70 load address 0x0000000008005590
                0x0000000020000000                . = ALIGN (0x4)
                0x0000000020000000                _sdata = .
 *(.data)
 *(.data*)
 .data.SystemCoreClock
                0x0000000020000000        0x4 Core/Src/system_stm32f4xx.o
                0x0000000020000000                SystemCoreClock
 .data.uwTickPrio
                0x0000000020000004        0x4 Drivers/STM32F4xx_HAL_Driver/Src/stm32f4xx_hal.o
                0x0000000020000004                uwTickPrio
 .data.uwTickFreq
                0x0000000020000008        0x1 Drivers/STM32F4xx_HAL_Driver/Src/stm32f4xx_hal.o
                0x0000000020000008                uwTickFreq
 *fill*         0x0000000020000009        0x3 
 .data._impure_ptr
                0x000000002000000c        0x4 c:/st/stm32cubeide_1.5.1/stm32cubeide/plugins/com.st.stm32cube.ide.mcu.externaltools.gnu-tools-for-stm32.9-2020-q2-update.win32_1.5.0.202011040924/tools/bin/../lib/gcc/arm-none-eabi/9.3.1/../../../../arm-none-eabi/lib/thumb/v7e-m+fp/hard\libc_nano.a(lib_a-impure.o)
                0x000000002000000c                _impure_ptr
 .data.impure_data
                0x0000000020000010       0x60 c:/st/stm32cubeide_1.5.1/stm32cubeide/plugins/com.st.stm32cube.ide.mcu.externaltools.gnu-tools-for-stm32.9-2020-q2-update.win32_1.5.0.202011040924/tools/bin/../lib/gcc/arm-none-eabi/9.3.1/../../../../arm-none-eabi/lib/thumb/v7e-m+fp/hard\libc_nano.a(lib_a-impure.o)
 *(.RamFunc)
 *(.RamFunc*)
                0x0000000020000070                . = ALIGN (0x4)
                0x0000000020000070                _edata = .

.igot.plt       0x0000000020000070        0x0 load address 0x0000000008005600
 .igot.plt      0x0000000020000070        0x0 c:/st/stm32cubeide_1.5.1/stm32cubeide/plugins/com.st.stm32cube.ide.mcu.externaltools.gnu-tools-for-stm32.9-2020-q2-update.win32_1.5.0.202011040924/tools/bin/../lib/gcc/arm-none-eabi/9.3.1/thumb/v7e-m+fp/hard/crtbegin.o
                0x0000000020000070                . = ALIGN (0x4)

.bss            0x0000000020000070      0x5fc load address 0x0000000008005600
                0x0000000020000070                _sbss = .
                0x0000000020000070                __bss_start__ = _sbss
 *(.bss)
 .bss           0x0000000020000070       0x1c c:/st/stm32cubeide_1.5.1/stm32cubeide/plugins/com.st.stm32cube.ide.mcu.externaltools.gnu-tools-for-stm32.9-2020-q2-update.win32_1.5.0.202011040924/tools/bin/../lib/gcc/arm-none-eabi/9.3.1/thumb/v7e-m+fp/hard/crtbegin.o
 *(.bss*)
 .bss.is_connected
                0x000000002000008c        0x1 Core/Src/main.o
                0x000000002000008c                is_connected
 .bss.waiting_for_frame
                0x000000002000008d        0x1 Core/Src/main.o
                0x000000002000008d                waiting_for_frame
 .bss.recieve_buffer_full
                0x000000002000008e        0x1 Core/Src/main.o
                0x000000002000008e                recieve_buffer_full
 .bss.spi_transmit_element
                0x000000002000008f        0x1 Core/Src/main.o
                0x000000002000008f                spi_transmit_element
 .bss.number_of_data_latches
                0x0000000020000090        0x1 Core/Src/main.o
                0x0000000020000090                number_of_data_latches
 .bss.number_of_global_latches
                0x0000000020000091        0x1 Core/Src/main.o
                0x0000000020000091                number_of_global_latches
 .bss.latch_command
                0x0000000020000092        0x1 Core/Src/main.o
                0x0000000020000092                latch_command
 .bss.times_latched
                0x0000000020000093        0x1 Core/Src/main.o
                0x0000000020000093                times_latched
 .bss.number_of_s_spi
                0x0000000020000094        0x1 Core/Src/main.o
                0x0000000020000094                number_of_s_spi
 .bss.number_of_tim3_interrupt
                0x0000000020000095        0x1 Core/Src/main.o
                0x0000000020000095                number_of_tim3_interrupt
 .bss.number_of_tim10_interrupt
                0x0000000020000096        0x1 Core/Src/main.o
                0x0000000020000096                number_of_tim10_interrupt
 *fill*         0x0000000020000097        0x1 
 .bss.CounterTicks
                0x0000000020000098        0x2 Core/Src/main.o
                0x0000000020000098                CounterTicks
 *(COMMON)
 *fill*         0x000000002000009a        0x2 
 COMMON         0x000000002000009c      0x5c9 Core/Src/main.o
                0x000000002000009c                spi_transmit_buffer
                0x000000002000013c                hdma_usart2_rx
                0x000000002000019c                transmit_response
                0x00000000200001a0                hspi2
                0x00000000200001f8                htim4
                0x0000000020000240                htim10
                0x0000000020000288                transmit_buff
                0x00000000200003cc                command_buff
                0x00000000200003d0                htim3
                0x0000000020000418                hdma_usart2_tx
                0x0000000020000478                decoding_array
                0x0000000020000480                huart2
                0x00000000200004c4                hdma_spi2_tx
                0x0000000020000524                recive_buff
 *fill*         0x0000000020000665        0x3 
 COMMON         0x0000000020000668        0x4 Drivers/STM32F4xx_HAL_Driver/Src/stm32f4xx_hal.o
                0x0000000020000668                uwTick
                0x000000002000066c                . = ALIGN (0x4)
                0x000000002000066c                _ebss = .
                0x000000002000066c                __bss_end__ = _ebss

._user_heap_stack
                0x000000002000066c      0x604 load address 0x0000000008005600
                0x0000000020000670                . = ALIGN (0x8)
 *fill*         0x000000002000066c        0x4 
                [!provide]                        PROVIDE (end = .)
                0x0000000020000670                PROVIDE (_end = .)
                0x0000000020000870                . = (. + _Min_Heap_Size)
 *fill*         0x0000000020000670      0x200 
                0x0000000020000c70                . = (. + _Min_Stack_Size)
 *fill*         0x0000000020000870      0x400 
                0x0000000020000c70                . = ALIGN (0x8)

/DISCARD/
 libc.a(*)
 libm.a(*)
 libgcc.a(*)

.ARM.attributes
                0x0000000000000000       0x30
 *(.ARM.attributes)
 .ARM.attributes
                0x0000000000000000       0x1e c:/st/stm32cubeide_1.5.1/stm32cubeide/plugins/com.st.stm32cube.ide.mcu.externaltools.gnu-tools-for-stm32.9-2020-q2-update.win32_1.5.0.202011040924/tools/bin/../lib/gcc/arm-none-eabi/9.3.1/thumb/v7e-m+fp/hard/crti.o
 .ARM.attributes
                0x000000000000001e       0x34 c:/st/stm32cubeide_1.5.1/stm32cubeide/plugins/com.st.stm32cube.ide.mcu.externaltools.gnu-tools-for-stm32.9-2020-q2-update.win32_1.5.0.202011040924/tools/bin/../lib/gcc/arm-none-eabi/9.3.1/thumb/v7e-m+fp/hard/crtbegin.o
 .ARM.attributes
                0x0000000000000052       0x34 Core/Src/main.o
 .ARM.attributes
                0x0000000000000086       0x34 Core/Src/stm32f4xx_hal_msp.o
 .ARM.attributes
                0x00000000000000ba       0x34 Core/Src/stm32f4xx_it.o
 .ARM.attributes
                0x00000000000000ee       0x34 Core/Src/system_stm32f4xx.o
 .ARM.attributes
                0x0000000000000122       0x21 Core/Startup/startup_stm32f446retx.o
 .ARM.attributes
                0x0000000000000143       0x34 Drivers/STM32F4xx_HAL_Driver/Src/stm32f4xx_hal.o
 .ARM.attributes
                0x0000000000000177       0x34 Drivers/STM32F4xx_HAL_Driver/Src/stm32f4xx_hal_cortex.o
 .ARM.attributes
                0x00000000000001ab       0x34 Drivers/STM32F4xx_HAL_Driver/Src/stm32f4xx_hal_dma.o
 .ARM.attributes
                0x00000000000001df       0x34 Drivers/STM32F4xx_HAL_Driver/Src/stm32f4xx_hal_gpio.o
 .ARM.attributes
                0x0000000000000213       0x34 Drivers/STM32F4xx_HAL_Driver/Src/stm32f4xx_hal_pwr_ex.o
 .ARM.attributes
                0x0000000000000247       0x34 Drivers/STM32F4xx_HAL_Driver/Src/stm32f4xx_hal_rcc.o
 .ARM.attributes
                0x000000000000027b       0x34 Drivers/STM32F4xx_HAL_Driver/Src/stm32f4xx_hal_rcc_ex.o
 .ARM.attributes
                0x00000000000002af       0x34 Drivers/STM32F4xx_HAL_Driver/Src/stm32f4xx_hal_spi.o
 .ARM.attributes
                0x00000000000002e3       0x34 Drivers/STM32F4xx_HAL_Driver/Src/stm32f4xx_hal_tim.o
 .ARM.attributes
                0x0000000000000317       0x34 Drivers/STM32F4xx_HAL_Driver/Src/stm32f4xx_hal_tim_ex.o
 .ARM.attributes
                0x000000000000034b       0x34 Drivers/STM32F4xx_HAL_Driver/Src/stm32f4xx_hal_uart.o
 .ARM.attributes
                0x000000000000037f       0x34 c:/st/stm32cubeide_1.5.1/stm32cubeide/plugins/com.st.stm32cube.ide.mcu.externaltools.gnu-tools-for-stm32.9-2020-q2-update.win32_1.5.0.202011040924/tools/bin/../lib/gcc/arm-none-eabi/9.3.1/../../../../arm-none-eabi/lib/thumb/v7e-m+fp/hard\libc_nano.a(lib_a-errno.o)
 .ARM.attributes
                0x00000000000003b3       0x32 c:/st/stm32cubeide_1.5.1/stm32cubeide/plugins/com.st.stm32cube.ide.mcu.externaltools.gnu-tools-for-stm32.9-2020-q2-update.win32_1.5.0.202011040924/tools/bin/../lib/gcc/arm-none-eabi/9.3.1/../../../../arm-none-eabi/lib/thumb/v7e-m+fp/hard\libc_nano.a(lib_a-impure.o)
 .ARM.attributes
                0x00000000000003e5       0x34 c:/st/stm32cubeide_1.5.1/stm32cubeide/plugins/com.st.stm32cube.ide.mcu.externaltools.gnu-tools-for-stm32.9-2020-q2-update.win32_1.5.0.202011040924/tools/bin/../lib/gcc/arm-none-eabi/9.3.1/../../../../arm-none-eabi/lib/thumb/v7e-m+fp/hard\libc_nano.a(lib_a-init.o)
 .ARM.attributes
                0x0000000000000419       0x34 c:/st/stm32cubeide_1.5.1/stm32cubeide/plugins/com.st.stm32cube.ide.mcu.externaltools.gnu-tools-for-stm32.9-2020-q2-update.win32_1.5.0.202011040924/tools/bin/../lib/gcc/arm-none-eabi/9.3.1/../../../../arm-none-eabi/lib/thumb/v7e-m+fp/hard\libc_nano.a(lib_a-memset.o)
 .ARM.attributes
                0x000000000000044d       0x34 c:/st/stm32cubeide_1.5.1/stm32cubeide/plugins/com.st.stm32cube.ide.mcu.externaltools.gnu-tools-for-stm32.9-2020-q2-update.win32_1.5.0.202011040924/tools/bin/../lib/gcc/arm-none-eabi/9.3.1/../../../../arm-none-eabi/lib/thumb/v7e-m+fp/hard\libc_nano.a(lib_a-strtol.o)
 .ARM.attributes
                0x0000000000000481       0x32 c:/st/stm32cubeide_1.5.1/stm32cubeide/plugins/com.st.stm32cube.ide.mcu.externaltools.gnu-tools-for-stm32.9-2020-q2-update.win32_1.5.0.202011040924/tools/bin/../lib/gcc/arm-none-eabi/9.3.1/../../../../arm-none-eabi/lib/thumb/v7e-m+fp/hard\libc_nano.a(lib_a-ctype_.o)
 .ARM.attributes
                0x00000000000004b3       0x1e c:/st/stm32cubeide_1.5.1/stm32cubeide/plugins/com.st.stm32cube.ide.mcu.externaltools.gnu-tools-for-stm32.9-2020-q2-update.win32_1.5.0.202011040924/tools/bin/../lib/gcc/arm-none-eabi/9.3.1/thumb/v7e-m+fp/hard\libgcc.a(_aeabi_uldivmod.o)
 .ARM.attributes
                0x00000000000004d1       0x34 c:/st/stm32cubeide_1.5.1/stm32cubeide/plugins/com.st.stm32cube.ide.mcu.externaltools.gnu-tools-for-stm32.9-2020-q2-update.win32_1.5.0.202011040924/tools/bin/../lib/gcc/arm-none-eabi/9.3.1/thumb/v7e-m+fp/hard\libgcc.a(_udivmoddi4.o)
 .ARM.attributes
                0x0000000000000505       0x1e c:/st/stm32cubeide_1.5.1/stm32cubeide/plugins/com.st.stm32cube.ide.mcu.externaltools.gnu-tools-for-stm32.9-2020-q2-update.win32_1.5.0.202011040924/tools/bin/../lib/gcc/arm-none-eabi/9.3.1/thumb/v7e-m+fp/hard\libgcc.a(_dvmd_tls.o)
 .ARM.attributes
                0x0000000000000523       0x1e c:/st/stm32cubeide_1.5.1/stm32cubeide/plugins/com.st.stm32cube.ide.mcu.externaltools.gnu-tools-for-stm32.9-2020-q2-update.win32_1.5.0.202011040924/tools/bin/../lib/gcc/arm-none-eabi/9.3.1/thumb/v7e-m+fp/hard/crtn.o
OUTPUT(USART_LED_CONTROLL.elf elf32-littlearm)
LOAD linker stubs
LOAD c:/st/stm32cubeide_1.5.1/stm32cubeide/plugins/com.st.stm32cube.ide.mcu.externaltools.gnu-tools-for-stm32.9-2020-q2-update.win32_1.5.0.202011040924/tools/bin/../lib/gcc/arm-none-eabi/9.3.1/../../../../arm-none-eabi/lib/thumb/v7e-m+fp/hard\libc.a
LOAD c:/st/stm32cubeide_1.5.1/stm32cubeide/plugins/com.st.stm32cube.ide.mcu.externaltools.gnu-tools-for-stm32.9-2020-q2-update.win32_1.5.0.202011040924/tools/bin/../lib/gcc/arm-none-eabi/9.3.1/../../../../arm-none-eabi/lib/thumb/v7e-m+fp/hard\libm.a
LOAD c:/st/stm32cubeide_1.5.1/stm32cubeide/plugins/com.st.stm32cube.ide.mcu.externaltools.gnu-tools-for-stm32.9-2020-q2-update.win32_1.5.0.202011040924/tools/bin/../lib/gcc/arm-none-eabi/9.3.1/thumb/v7e-m+fp/hard\libgcc.a

.debug_info     0x0000000000000000     0xfcb9
 .debug_info    0x0000000000000000     0x21d9 Core/Src/main.o
 .debug_info    0x00000000000021d9     0x1464 Core/Src/stm32f4xx_hal_msp.o
 .debug_info    0x000000000000363d      0xafc Core/Src/stm32f4xx_it.o
 .debug_info    0x0000000000004139      0x5dc Core/Src/system_stm32f4xx.o
 .debug_info    0x0000000000004715       0x22 Core/Startup/startup_stm32f446retx.o
 .debug_info    0x0000000000004737      0xa08 Drivers/STM32F4xx_HAL_Driver/Src/stm32f4xx_hal.o
 .debug_info    0x000000000000513f      0xef5 Drivers/STM32F4xx_HAL_Driver/Src/stm32f4xx_hal_cortex.o
 .debug_info    0x0000000000006034      0x9f1 Drivers/STM32F4xx_HAL_Driver/Src/stm32f4xx_hal_dma.o
 .debug_info    0x0000000000006a25      0x892 Drivers/STM32F4xx_HAL_Driver/Src/stm32f4xx_hal_gpio.o
 .debug_info    0x00000000000072b7      0x7ca Drivers/STM32F4xx_HAL_Driver/Src/stm32f4xx_hal_pwr_ex.o
 .debug_info    0x0000000000007a81      0x9db Drivers/STM32F4xx_HAL_Driver/Src/stm32f4xx_hal_rcc.o
 .debug_info    0x000000000000845c      0xa86 Drivers/STM32F4xx_HAL_Driver/Src/stm32f4xx_hal_rcc_ex.o
 .debug_info    0x0000000000008ee2     0x17c0 Drivers/STM32F4xx_HAL_Driver/Src/stm32f4xx_hal_spi.o
 .debug_info    0x000000000000a6a2     0x2a90 Drivers/STM32F4xx_HAL_Driver/Src/stm32f4xx_hal_tim.o
 .debug_info    0x000000000000d132     0x1522 Drivers/STM32F4xx_HAL_Driver/Src/stm32f4xx_hal_tim_ex.o
 .debug_info    0x000000000000e654     0x1665 Drivers/STM32F4xx_HAL_Driver/Src/stm32f4xx_hal_uart.o

.debug_abbrev   0x0000000000000000     0x2168
 .debug_abbrev  0x0000000000000000      0x31a Core/Src/main.o
 .debug_abbrev  0x000000000000031a      0x206 Core/Src/stm32f4xx_hal_msp.o
 .debug_abbrev  0x0000000000000520      0x190 Core/Src/stm32f4xx_it.o
 .debug_abbrev  0x00000000000006b0      0x145 Core/Src/system_stm32f4xx.o
 .debug_abbrev  0x00000000000007f5       0x12 Core/Startup/startup_stm32f446retx.o
 .debug_abbrev  0x0000000000000807      0x1ed Drivers/STM32F4xx_HAL_Driver/Src/stm32f4xx_hal.o
 .debug_abbrev  0x00000000000009f4      0x33c Drivers/STM32F4xx_HAL_Driver/Src/stm32f4xx_hal_cortex.o
 .debug_abbrev  0x0000000000000d30      0x259 Drivers/STM32F4xx_HAL_Driver/Src/stm32f4xx_hal_dma.o
 .debug_abbrev  0x0000000000000f89      0x1f1 Drivers/STM32F4xx_HAL_Driver/Src/stm32f4xx_hal_gpio.o
 .debug_abbrev  0x000000000000117a      0x1da Drivers/STM32F4xx_HAL_Driver/Src/stm32f4xx_hal_pwr_ex.o
 .debug_abbrev  0x0000000000001354      0x275 Drivers/STM32F4xx_HAL_Driver/Src/stm32f4xx_hal_rcc.o
 .debug_abbrev  0x00000000000015c9      0x1e2 Drivers/STM32F4xx_HAL_Driver/Src/stm32f4xx_hal_rcc_ex.o
 .debug_abbrev  0x00000000000017ab      0x26e Drivers/STM32F4xx_HAL_Driver/Src/stm32f4xx_hal_spi.o
 .debug_abbrev  0x0000000000001a19      0x25e Drivers/STM32F4xx_HAL_Driver/Src/stm32f4xx_hal_tim.o
 .debug_abbrev  0x0000000000001c77      0x266 Drivers/STM32F4xx_HAL_Driver/Src/stm32f4xx_hal_tim_ex.o
 .debug_abbrev  0x0000000000001edd      0x28b Drivers/STM32F4xx_HAL_Driver/Src/stm32f4xx_hal_uart.o

.debug_aranges  0x0000000000000000      0xf18
 .debug_aranges
                0x0000000000000000       0x80 Core/Src/main.o
 .debug_aranges
                0x0000000000000080       0x58 Core/Src/stm32f4xx_hal_msp.o
 .debug_aranges
                0x00000000000000d8       0x98 Core/Src/stm32f4xx_it.o
 .debug_aranges
                0x0000000000000170       0x28 Core/Src/system_stm32f4xx.o
 .debug_aranges
                0x0000000000000198       0x28 Core/Startup/startup_stm32f446retx.o
 .debug_aranges
                0x00000000000001c0       0xf0 Drivers/STM32F4xx_HAL_Driver/Src/stm32f4xx_hal.o
 .debug_aranges
                0x00000000000002b0      0x118 Drivers/STM32F4xx_HAL_Driver/Src/stm32f4xx_hal_cortex.o
 .debug_aranges
                0x00000000000003c8       0x90 Drivers/STM32F4xx_HAL_Driver/Src/stm32f4xx_hal_dma.o
 .debug_aranges
                0x0000000000000458       0x58 Drivers/STM32F4xx_HAL_Driver/Src/stm32f4xx_hal_gpio.o
 .debug_aranges
                0x00000000000004b0       0x60 Drivers/STM32F4xx_HAL_Driver/Src/stm32f4xx_hal_pwr_ex.o
 .debug_aranges
                0x0000000000000510       0x88 Drivers/STM32F4xx_HAL_Driver/Src/stm32f4xx_hal_rcc.o
 .debug_aranges
                0x0000000000000598       0x78 Drivers/STM32F4xx_HAL_Driver/Src/stm32f4xx_hal_rcc_ex.o
 .debug_aranges
                0x0000000000000610      0x1d0 Drivers/STM32F4xx_HAL_Driver/Src/stm32f4xx_hal_spi.o
 .debug_aranges
                0x00000000000007e0      0x3d0 Drivers/STM32F4xx_HAL_Driver/Src/stm32f4xx_hal_tim.o
 .debug_aranges
                0x0000000000000bb0      0x168 Drivers/STM32F4xx_HAL_Driver/Src/stm32f4xx_hal_tim_ex.o
 .debug_aranges
                0x0000000000000d18      0x200 Drivers/STM32F4xx_HAL_Driver/Src/stm32f4xx_hal_uart.o

.debug_ranges   0x0000000000000000      0xe50
 .debug_ranges  0x0000000000000000       0x70 Core/Src/main.o
 .debug_ranges  0x0000000000000070       0x48 Core/Src/stm32f4xx_hal_msp.o
 .debug_ranges  0x00000000000000b8       0x88 Core/Src/stm32f4xx_it.o
 .debug_ranges  0x0000000000000140       0x18 Core/Src/system_stm32f4xx.o
 .debug_ranges  0x0000000000000158       0x20 Core/Startup/startup_stm32f446retx.o
 .debug_ranges  0x0000000000000178       0xe0 Drivers/STM32F4xx_HAL_Driver/Src/stm32f4xx_hal.o
 .debug_ranges  0x0000000000000258      0x108 Drivers/STM32F4xx_HAL_Driver/Src/stm32f4xx_hal_cortex.o
 .debug_ranges  0x0000000000000360       0x80 Drivers/STM32F4xx_HAL_Driver/Src/stm32f4xx_hal_dma.o
 .debug_ranges  0x00000000000003e0       0x48 Drivers/STM32F4xx_HAL_Driver/Src/stm32f4xx_hal_gpio.o
 .debug_ranges  0x0000000000000428       0x50 Drivers/STM32F4xx_HAL_Driver/Src/stm32f4xx_hal_pwr_ex.o
 .debug_ranges  0x0000000000000478       0x78 Drivers/STM32F4xx_HAL_Driver/Src/stm32f4xx_hal_rcc.o
 .debug_ranges  0x00000000000004f0       0x68 Drivers/STM32F4xx_HAL_Driver/Src/stm32f4xx_hal_rcc_ex.o
 .debug_ranges  0x0000000000000558      0x1c0 Drivers/STM32F4xx_HAL_Driver/Src/stm32f4xx_hal_spi.o
 .debug_ranges  0x0000000000000718      0x3c0 Drivers/STM32F4xx_HAL_Driver/Src/stm32f4xx_hal_tim.o
 .debug_ranges  0x0000000000000ad8      0x158 Drivers/STM32F4xx_HAL_Driver/Src/stm32f4xx_hal_tim_ex.o
 .debug_ranges  0x0000000000000c30      0x220 Drivers/STM32F4xx_HAL_Driver/Src/stm32f4xx_hal_uart.o

.debug_macro    0x0000000000000000    0x223a6
 .debug_macro   0x0000000000000000      0x3c2 Core/Src/main.o
 .debug_macro   0x00000000000003c2      0xaa8 Core/Src/main.o
 .debug_macro   0x0000000000000e6a      0x2a1 Core/Src/main.o
 .debug_macro   0x000000000000110b       0x2e Core/Src/main.o
 .debug_macro   0x0000000000001139       0x28 Core/Src/main.o
 .debug_macro   0x0000000000001161       0x22 Core/Src/main.o
 .debug_macro   0x0000000000001183       0x8e Core/Src/main.o
 .debug_macro   0x0000000000001211       0x51 Core/Src/main.o
 .debug_macro   0x0000000000001262      0x103 Core/Src/main.o
 .debug_macro   0x0000000000001365       0x6a Core/Src/main.o
 .debug_macro   0x00000000000013cf      0x1df Core/Src/main.o
 .debug_macro   0x00000000000015ae       0x1c Core/Src/main.o
 .debug_macro   0x00000000000015ca       0x22 Core/Src/main.o
 .debug_macro   0x00000000000015ec       0xdf Core/Src/main.o
 .debug_macro   0x00000000000016cb     0x102d Core/Src/main.o
 .debug_macro   0x00000000000026f8      0x11f Core/Src/main.o
 .debug_macro   0x0000000000002817    0x1672d Core/Src/main.o
 .debug_macro   0x0000000000018f44       0x43 Core/Src/main.o
 .debug_macro   0x0000000000018f87     0x3659 Core/Src/main.o
 .debug_macro   0x000000000001c5e0      0x174 Core/Src/main.o
 .debug_macro   0x000000000001c754       0x5c Core/Src/main.o
 .debug_macro   0x000000000001c7b0      0xc90 Core/Src/main.o
 .debug_macro   0x000000000001d440      0x9fe Core/Src/main.o
 .debug_macro   0x000000000001de3e      0x117 Core/Src/main.o
 .debug_macro   0x000000000001df55      0x1a0 Core/Src/main.o
 .debug_macro   0x000000000001e0f5       0x82 Core/Src/main.o
 .debug_macro   0x000000000001e177      0x16d Core/Src/main.o
 .debug_macro   0x000000000001e2e4      0x287 Core/Src/main.o
 .debug_macro   0x000000000001e56b       0x5f Core/Src/main.o
 .debug_macro   0x000000000001e5ca      0x236 Core/Src/main.o
 .debug_macro   0x000000000001e800      0x132 Core/Src/main.o
 .debug_macro   0x000000000001e932      0x29c Core/Src/main.o
 .debug_macro   0x000000000001ebce       0x2e Core/Src/main.o
 .debug_macro   0x000000000001ebfc      0x11a Core/Src/main.o
 .debug_macro   0x000000000001ed16       0xe8 Core/Src/main.o
 .debug_macro   0x000000000001edfe       0x89 Core/Src/main.o
 .debug_macro   0x000000000001ee87      0x225 Core/Src/main.o
 .debug_macro   0x000000000001f0ac      0x8d1 Core/Src/main.o
 .debug_macro   0x000000000001f97d       0x4d Core/Src/main.o
 .debug_macro   0x000000000001f9ca      0x295 Core/Src/main.o
 .debug_macro   0x000000000001fc5f      0x126 Core/Src/main.o
 .debug_macro   0x000000000001fd85       0x58 Core/Src/main.o
 .debug_macro   0x000000000001fddd       0x52 Core/Src/main.o
 .debug_macro   0x000000000001fe2f       0x18 Core/Src/main.o
 .debug_macro   0x000000000001fe47       0x3c Core/Src/main.o
 .debug_macro   0x000000000001fe83       0x34 Core/Src/main.o
 .debug_macro   0x000000000001feb7       0x16 Core/Src/main.o
 .debug_macro   0x000000000001fecd       0x35 Core/Src/main.o
 .debug_macro   0x000000000001ff02      0x333 Core/Src/main.o
 .debug_macro   0x0000000000020235       0x10 Core/Src/main.o
 .debug_macro   0x0000000000020245       0x16 Core/Src/main.o
 .debug_macro   0x000000000002025b       0x43 Core/Src/main.o
 .debug_macro   0x000000000002029e       0x34 Core/Src/main.o
 .debug_macro   0x00000000000202d2       0x10 Core/Src/main.o
 .debug_macro   0x00000000000202e2       0x58 Core/Src/main.o
 .debug_macro   0x000000000002033a       0x71 Core/Src/main.o
 .debug_macro   0x00000000000203ab       0x1c Core/Src/main.o
 .debug_macro   0x00000000000203c7      0x12a Core/Src/main.o
 .debug_macro   0x00000000000204f1       0x10 Core/Src/main.o
 .debug_macro   0x0000000000020501       0x1c Core/Src/main.o
 .debug_macro   0x000000000002051d       0x52 Core/Src/main.o
 .debug_macro   0x000000000002056f       0x22 Core/Src/main.o
 .debug_macro   0x0000000000020591       0x10 Core/Src/main.o
 .debug_macro   0x00000000000205a1       0x40 Core/Src/main.o
 .debug_macro   0x00000000000205e1       0xd5 Core/Src/main.o
 .debug_macro   0x00000000000206b6       0x1c Core/Src/main.o
 .debug_macro   0x00000000000206d2       0x3d Core/Src/main.o
 .debug_macro   0x000000000002070f       0x16 Core/Src/main.o
 .debug_macro   0x0000000000020725      0x145 Core/Src/main.o
 .debug_macro   0x000000000002086a       0x16 Core/Src/main.o
 .debug_macro   0x0000000000020880       0x20 Core/Src/main.o
 .debug_macro   0x00000000000208a0       0x16 Core/Src/main.o
 .debug_macro   0x00000000000208b6       0x16 Core/Src/main.o
 .debug_macro   0x00000000000208cc       0x29 Core/Src/main.o
 .debug_macro   0x00000000000208f5      0x1e7 Core/Src/stm32f4xx_hal_msp.o
 .debug_macro   0x0000000000020adc      0x1f1 Core/Src/stm32f4xx_it.o
 .debug_macro   0x0000000000020ccd      0x1d8 Core/Src/system_stm32f4xx.o
 .debug_macro   0x0000000000020ea5      0x238 Drivers/STM32F4xx_HAL_Driver/Src/stm32f4xx_hal.o
 .debug_macro   0x00000000000210dd      0x1d8 Drivers/STM32F4xx_HAL_Driver/Src/stm32f4xx_hal_cortex.o
 .debug_macro   0x00000000000212b5      0x1de Drivers/STM32F4xx_HAL_Driver/Src/stm32f4xx_hal_dma.o
 .debug_macro   0x0000000000021493      0x1de Drivers/STM32F4xx_HAL_Driver/Src/stm32f4xx_hal_gpio.o
 .debug_macro   0x0000000000021671      0x1f0 Drivers/STM32F4xx_HAL_Driver/Src/stm32f4xx_hal_pwr_ex.o
 .debug_macro   0x0000000000021861      0x1fc Drivers/STM32F4xx_HAL_Driver/Src/stm32f4xx_hal_rcc.o
 .debug_macro   0x0000000000021a5d      0x1d8 Drivers/STM32F4xx_HAL_Driver/Src/stm32f4xx_hal_rcc_ex.o
 .debug_macro   0x0000000000021c35      0x1e7 Drivers/STM32F4xx_HAL_Driver/Src/stm32f4xx_hal_spi.o
 .debug_macro   0x0000000000021e1c      0x1d9 Drivers/STM32F4xx_HAL_Driver/Src/stm32f4xx_hal_tim.o
 .debug_macro   0x0000000000021ff5      0x1d8 Drivers/STM32F4xx_HAL_Driver/Src/stm32f4xx_hal_tim_ex.o
 .debug_macro   0x00000000000221cd      0x1d9 Drivers/STM32F4xx_HAL_Driver/Src/stm32f4xx_hal_uart.o

.debug_line     0x0000000000000000    0x106f2
 .debug_line    0x0000000000000000      0xd00 Core/Src/main.o
 .debug_line    0x0000000000000d00      0x8c4 Core/Src/stm32f4xx_hal_msp.o
 .debug_line    0x00000000000015c4      0x848 Core/Src/stm32f4xx_it.o
 .debug_line    0x0000000000001e0c      0x75f Core/Src/system_stm32f4xx.o
 .debug_line    0x000000000000256b       0x88 Core/Startup/startup_stm32f446retx.o
 .debug_line    0x00000000000025f3      0x9c5 Drivers/STM32F4xx_HAL_Driver/Src/stm32f4xx_hal.o
 .debug_line    0x0000000000002fb8      0xc74 Drivers/STM32F4xx_HAL_Driver/Src/stm32f4xx_hal_cortex.o
 .debug_line    0x0000000000003c2c      0xf2e Drivers/STM32F4xx_HAL_Driver/Src/stm32f4xx_hal_dma.o
 .debug_line    0x0000000000004b5a      0xb29 Drivers/STM32F4xx_HAL_Driver/Src/stm32f4xx_hal_gpio.o
 .debug_line    0x0000000000005683      0x8f4 Drivers/STM32F4xx_HAL_Driver/Src/stm32f4xx_hal_pwr_ex.o
 .debug_line    0x0000000000005f77      0xd4d Drivers/STM32F4xx_HAL_Driver/Src/stm32f4xx_hal_rcc.o
 .debug_line    0x0000000000006cc4     0x13d3 Drivers/STM32F4xx_HAL_Driver/Src/stm32f4xx_hal_rcc_ex.o
 .debug_line    0x0000000000008097     0x1c4d Drivers/STM32F4xx_HAL_Driver/Src/stm32f4xx_hal_spi.o
 .debug_line    0x0000000000009ce4     0x35f1 Drivers/STM32F4xx_HAL_Driver/Src/stm32f4xx_hal_tim.o
 .debug_line    0x000000000000d2d5     0x1992 Drivers/STM32F4xx_HAL_Driver/Src/stm32f4xx_hal_tim_ex.o
 .debug_line    0x000000000000ec67     0x1a8b Drivers/STM32F4xx_HAL_Driver/Src/stm32f4xx_hal_uart.o

.debug_str      0x0000000000000000    0xd26c7
 .debug_str     0x0000000000000000    0xcf226 Core/Src/main.o
                                      0xcf671 (size before relaxing)
 .debug_str     0x00000000000cf226       0xc1 Core/Src/stm32f4xx_hal_msp.o
                                      0xcb017 (size before relaxing)
 .debug_str     0x00000000000cf2e7      0x151 Core/Src/stm32f4xx_it.o
                                      0xca841 (size before relaxing)
 .debug_str     0x00000000000cf438       0xaf Core/Src/system_stm32f4xx.o
                                      0xca048 (size before relaxing)
 .debug_str     0x00000000000cf4e7       0x36 Core/Startup/startup_stm32f446retx.o
                                         0x7b (size before relaxing)
 .debug_str     0x00000000000cf51d      0x583 Drivers/STM32F4xx_HAL_Driver/Src/stm32f4xx_hal.o
                                      0xcab6b (size before relaxing)
 .debug_str     0x00000000000cfaa0      0x399 Drivers/STM32F4xx_HAL_Driver/Src/stm32f4xx_hal_cortex.o
                                      0xca935 (size before relaxing)
 .debug_str     0x00000000000cfe39      0x315 Drivers/STM32F4xx_HAL_Driver/Src/stm32f4xx_hal_dma.o
                                      0xca44d (size before relaxing)
 .debug_str     0x00000000000d014e      0x13f Drivers/STM32F4xx_HAL_Driver/Src/stm32f4xx_hal_gpio.o
                                      0xca1ef (size before relaxing)
 .debug_str     0x00000000000d028d      0x135 Drivers/STM32F4xx_HAL_Driver/Src/stm32f4xx_hal_pwr_ex.o
                                      0xca240 (size before relaxing)
 .debug_str     0x00000000000d03c2      0x259 Drivers/STM32F4xx_HAL_Driver/Src/stm32f4xx_hal_rcc.o
                                      0xca44f (size before relaxing)
 .debug_str     0x00000000000d061b      0x31c Drivers/STM32F4xx_HAL_Driver/Src/stm32f4xx_hal_rcc_ex.o
                                      0xca4ac (size before relaxing)
 .debug_str     0x00000000000d0937      0x57a Drivers/STM32F4xx_HAL_Driver/Src/stm32f4xx_hal_spi.o
                                      0xca8c7 (size before relaxing)
 .debug_str     0x00000000000d0eb1      0xd62 Drivers/STM32F4xx_HAL_Driver/Src/stm32f4xx_hal_tim.o
                                      0xcb34b (size before relaxing)
 .debug_str     0x00000000000d1c13      0x4ee Drivers/STM32F4xx_HAL_Driver/Src/stm32f4xx_hal_tim_ex.o
                                      0xcaafc (size before relaxing)
 .debug_str     0x00000000000d2101      0x5c6 Drivers/STM32F4xx_HAL_Driver/Src/stm32f4xx_hal_uart.o
                                      0xca987 (size before relaxing)

.comment        0x0000000000000000       0x53
 .comment       0x0000000000000000       0x53 Core/Src/main.o
                                         0x54 (size before relaxing)
 .comment       0x0000000000000053       0x54 Core/Src/stm32f4xx_hal_msp.o
 .comment       0x0000000000000053       0x54 Core/Src/stm32f4xx_it.o
 .comment       0x0000000000000053       0x54 Core/Src/system_stm32f4xx.o
 .comment       0x0000000000000053       0x54 Drivers/STM32F4xx_HAL_Driver/Src/stm32f4xx_hal.o
 .comment       0x0000000000000053       0x54 Drivers/STM32F4xx_HAL_Driver/Src/stm32f4xx_hal_cortex.o
 .comment       0x0000000000000053       0x54 Drivers/STM32F4xx_HAL_Driver/Src/stm32f4xx_hal_dma.o
 .comment       0x0000000000000053       0x54 Drivers/STM32F4xx_HAL_Driver/Src/stm32f4xx_hal_gpio.o
 .comment       0x0000000000000053       0x54 Drivers/STM32F4xx_HAL_Driver/Src/stm32f4xx_hal_pwr_ex.o
 .comment       0x0000000000000053       0x54 Drivers/STM32F4xx_HAL_Driver/Src/stm32f4xx_hal_rcc.o
 .comment       0x0000000000000053       0x54 Drivers/STM32F4xx_HAL_Driver/Src/stm32f4xx_hal_rcc_ex.o
 .comment       0x0000000000000053       0x54 Drivers/STM32F4xx_HAL_Driver/Src/stm32f4xx_hal_spi.o
 .comment       0x0000000000000053       0x54 Drivers/STM32F4xx_HAL_Driver/Src/stm32f4xx_hal_tim.o
 .comment       0x0000000000000053       0x54 Drivers/STM32F4xx_HAL_Driver/Src/stm32f4xx_hal_tim_ex.o
 .comment       0x0000000000000053       0x54 Drivers/STM32F4xx_HAL_Driver/Src/stm32f4xx_hal_uart.o

.debug_frame    0x0000000000000000     0x4044
 .debug_frame   0x0000000000000000      0x1bc Core/Src/main.o
 .debug_frame   0x00000000000001bc      0x130 Core/Src/stm32f4xx_hal_msp.o
 .debug_frame   0x00000000000002ec      0x1c8 Core/Src/stm32f4xx_it.o
 .debug_frame   0x00000000000004b4       0x58 Core/Src/system_stm32f4xx.o
 .debug_frame   0x000000000000050c      0x374 Drivers/STM32F4xx_HAL_Driver/Src/stm32f4xx_hal.o
 .debug_frame   0x0000000000000880      0x498 Drivers/STM32F4xx_HAL_Driver/Src/stm32f4xx_hal_cortex.o
 .debug_frame   0x0000000000000d18      0x250 Drivers/STM32F4xx_HAL_Driver/Src/stm32f4xx_hal_dma.o
 .debug_frame   0x0000000000000f68      0x14c Drivers/STM32F4xx_HAL_Driver/Src/stm32f4xx_hal_gpio.o
 .debug_frame   0x00000000000010b4      0x14c Drivers/STM32F4xx_HAL_Driver/Src/stm32f4xx_hal_pwr_ex.o
 .debug_frame   0x0000000000001200      0x1f0 Drivers/STM32F4xx_HAL_Driver/Src/stm32f4xx_hal_rcc.o
 .debug_frame   0x00000000000013f0      0x1e8 Drivers/STM32F4xx_HAL_Driver/Src/stm32f4xx_hal_rcc_ex.o
 .debug_frame   0x00000000000015d8      0x824 Drivers/STM32F4xx_HAL_Driver/Src/stm32f4xx_hal_spi.o
 .debug_frame   0x0000000000001dfc     0x11bc Drivers/STM32F4xx_HAL_Driver/Src/stm32f4xx_hal_tim.o
 .debug_frame   0x0000000000002fb8      0x638 Drivers/STM32F4xx_HAL_Driver/Src/stm32f4xx_hal_tim_ex.o
 .debug_frame   0x00000000000035f0      0x924 Drivers/STM32F4xx_HAL_Driver/Src/stm32f4xx_hal_uart.o
 .debug_frame   0x0000000000003f14       0x20 c:/st/stm32cubeide_1.5.1/stm32cubeide/plugins/com.st.stm32cube.ide.mcu.externaltools.gnu-tools-for-stm32.9-2020-q2-update.win32_1.5.0.202011040924/tools/bin/../lib/gcc/arm-none-eabi/9.3.1/../../../../arm-none-eabi/lib/thumb/v7e-m+fp/hard\libc_nano.a(lib_a-errno.o)
 .debug_frame   0x0000000000003f34       0x2c c:/st/stm32cubeide_1.5.1/stm32cubeide/plugins/com.st.stm32cube.ide.mcu.externaltools.gnu-tools-for-stm32.9-2020-q2-update.win32_1.5.0.202011040924/tools/bin/../lib/gcc/arm-none-eabi/9.3.1/../../../../arm-none-eabi/lib/thumb/v7e-m+fp/hard\libc_nano.a(lib_a-init.o)
 .debug_frame   0x0000000000003f60       0x20 c:/st/stm32cubeide_1.5.1/stm32cubeide/plugins/com.st.stm32cube.ide.mcu.externaltools.gnu-tools-for-stm32.9-2020-q2-update.win32_1.5.0.202011040924/tools/bin/../lib/gcc/arm-none-eabi/9.3.1/../../../../arm-none-eabi/lib/thumb/v7e-m+fp/hard\libc_nano.a(lib_a-memset.o)
 .debug_frame   0x0000000000003f80       0x64 c:/st/stm32cubeide_1.5.1/stm32cubeide/plugins/com.st.stm32cube.ide.mcu.externaltools.gnu-tools-for-stm32.9-2020-q2-update.win32_1.5.0.202011040924/tools/bin/../lib/gcc/arm-none-eabi/9.3.1/../../../../arm-none-eabi/lib/thumb/v7e-m+fp/hard\libc_nano.a(lib_a-strtol.o)
 .debug_frame   0x0000000000003fe4       0x2c c:/st/stm32cubeide_1.5.1/stm32cubeide/plugins/com.st.stm32cube.ide.mcu.externaltools.gnu-tools-for-stm32.9-2020-q2-update.win32_1.5.0.202011040924/tools/bin/../lib/gcc/arm-none-eabi/9.3.1/thumb/v7e-m+fp/hard\libgcc.a(_aeabi_uldivmod.o)
 .debug_frame   0x0000000000004010       0x34 c:/st/stm32cubeide_1.5.1/stm32cubeide/plugins/com.st.stm32cube.ide.mcu.externaltools.gnu-tools-for-stm32.9-2020-q2-update.win32_1.5.0.202011040924/tools/bin/../lib/gcc/arm-none-eabi/9.3.1/thumb/v7e-m+fp/hard\libgcc.a(_udivmoddi4.o)
