main.c:113:5:main	16	static
main.c:190:6:SystemClock_Config	88	static
main.c:242:13:MX_SPI2_Init	8	static
main.c:280:13:MX_TIM3_Init	32	static
main.c:328:13:MX_TIM4_Init	64	static
main.c:387:13:MX_TIM10_Init	8	static
main.c:418:13:MX_USART2_UART_Init	8	static
main.c:449:13:MX_DMA_Init	16	static
main.c:473:13:MX_GPIO_Init	48	static
main.c:523:6:HAL_UART_RxCpltCallback	16	static
main.c:561:6:HAL_TIM_PeriodElapsedCallback	16	static
main.c:616:6:HAL_GPIO_EXTI_Callback	16	static
main.c:631:6:Error_Handler	4	static,ignoring_inline_asm
